Assuming unrestricted shared filesystem usage.
host: AICheetah
Building DAG of jobs...
Using shell: /usr/bin/bash
Provided cores: 1 (use --cores to define parallelism)
Rules claiming more threads will be scaled down.
Job stats:
job               count
--------------  -------
synth_fit             2
synth_evaluate        2
total                 4

Select jobs to execute...
Execute 1 jobs...
[Tue Apr 28 12:23:19 2026]
localrule synth_fit:
    input: results/synth/regime=easy/d=10/num_cycles=3/density=0.5/samp_size=1000/seed=1/dataset.npz
    output: results/synth/regime=easy/d=10/num_cycles=3/density=0.5/samp_size=1000/seed=1/method=oica_scc_repare/model.pkl
    jobid: 4
    reason: Missing output files: results/synth/regime=easy/d=10/num_cycles=3/density=0.5/samp_size=1000/seed=1/method=oica_scc_repare/model.pkl; Params have changed since last execution: Union of exclusive params before and now across all output: before: <nothing exclusive> now: [0.01, 0.05, 0.1],[0.05, 0.1, 0.15, 0.2] 
    wildcards: regime=easy, d=10, num_cycles=3, density=0.5, samp_size=1000, seed=1, method=oica_scc_repare
    resources: tmpdir=/tmp
Select jobs to execute...
[Tue Apr 28 12:23:21 2026]
Finished jobid: 4 (Rule: synth_fit)
1 of 4 steps (25%) done
Execute 1 jobs...
[Tue Apr 28 12:23:21 2026]
localrule synth_fit:
    input: results/synth/regime=easy/d=10/num_cycles=3/density=0.5/samp_size=1000/seed=1/dataset.npz
    output: results/synth/regime=easy/d=10/num_cycles=3/density=0.5/samp_size=1000/seed=1/method=lacerda_repare/model.pkl
    jobid: 2
    reason: Missing output files: results/synth/regime=easy/d=10/num_cycles=3/density=0.5/samp_size=1000/seed=1/method=lacerda_repare/model.pkl; Params have changed since last execution: Union of exclusive params before and now across all output: before: <nothing exclusive> now: [0.01, 0.05, 0.1],[0.05, 0.1, 0.15, 0.2] 
    wildcards: regime=easy, d=10, num_cycles=3, density=0.5, samp_size=1000, seed=1, method=lacerda_repare
    resources: tmpdir=/tmp
Select jobs to execute...
[Tue Apr 28 12:23:24 2026]
Finished jobid: 2 (Rule: synth_fit)
2 of 4 steps (50%) done
Execute 1 jobs...
[Tue Apr 28 12:23:24 2026]
localrule synth_evaluate:
    input: results/synth/regime=easy/d=10/num_cycles=3/density=0.5/samp_size=1000/seed=1/dataset.npz, results/synth/regime=easy/d=10/num_cycles=3/density=0.5/samp_size=1000/seed=1/method=lacerda_repare/model.pkl
    output: results/synth/regime=easy/d=10/num_cycles=3/density=0.5/samp_size=1000/seed=1/method=lacerda_repare/metrics.csv
    jobid: 0
    reason: Input files updated by another job: results/synth/regime=easy/d=10/num_cycles=3/density=0.5/samp_size=1000/seed=1/method=lacerda_repare/model.pkl
    wildcards: regime=easy, d=10, num_cycles=3, density=0.5, samp_size=1000, seed=1, method=lacerda_repare
    resources: tmpdir=/tmp
Select jobs to execute...
[Tue Apr 28 12:23:24 2026]
Finished jobid: 0 (Rule: synth_evaluate)
3 of 4 steps (75%) done
Execute 1 jobs...
[Tue Apr 28 12:23:24 2026]
localrule synth_evaluate:
    input: results/synth/regime=easy/d=10/num_cycles=3/density=0.5/samp_size=1000/seed=1/dataset.npz, results/synth/regime=easy/d=10/num_cycles=3/density=0.5/samp_size=1000/seed=1/method=oica_scc_repare/model.pkl
    output: results/synth/regime=easy/d=10/num_cycles=3/density=0.5/samp_size=1000/seed=1/method=oica_scc_repare/metrics.csv
    jobid: 3
    reason: Input files updated by another job: results/synth/regime=easy/d=10/num_cycles=3/density=0.5/samp_size=1000/seed=1/method=oica_scc_repare/model.pkl
    wildcards: regime=easy, d=10, num_cycles=3, density=0.5, samp_size=1000, seed=1, method=oica_scc_repare
    resources: tmpdir=/tmp
[Tue Apr 28 12:23:24 2026]
Finished jobid: 3 (Rule: synth_evaluate)
4 of 4 steps (100%) done
Complete log(s): /home/fmfsa/Repositories/repare_cycle/src/expt/workflow/.snakemake/log/2026-04-28T122319.266294.snakemake.log
