Assuming unrestricted shared filesystem usage.
host: AICheetah
Building DAG of jobs...
Using shell: /usr/bin/bash
Provided cores: 1 (use --cores to define parallelism)
Rules claiming more threads will be scaled down.
Job stats:
job               count
--------------  -------
synth_fit            35
synth_evaluate       35
synth_plot            1
total                71

Select jobs to execute...
Execute 1 jobs...
[Wed Apr 29 18:33:38 2026]
localrule synth_fit:
    input: results/synth/regime=easy/d=10/num_cycles=3/density=0.3/samp_size=50/seed=0/dataset.npz
    output: results/synth/regime=easy/d=10/num_cycles=3/density=0.3/samp_size=50/seed=0/method=lacerda/model.pkl
    jobid: 3
    reason: Code has changed since last execution; Params have changed since last execution: Union of exclusive params before and now across all output: before: [0.01, 0.05, 0.1],[0.05, 0.1, 0.15, 0.2],'hsic',0.01 now: <nothing exclusive> 
    wildcards: regime=easy, d=10, num_cycles=3, density=0.3, samp_size=50, seed=0, method=lacerda
    resources: tmpdir=/tmp
[Wed Apr 29 18:33:39 2026]
Finished jobid: 3 (Rule: synth_fit)
1 of 71 steps (1%) done
Select jobs to execute...
Execute 1 jobs...
[Wed Apr 29 18:33:39 2026]
localrule synth_fit:
    input: results/synth/regime=easy/d=10/num_cycles=4/density=0.3/samp_size=100/seed=0/dataset.npz
    output: results/synth/regime=easy/d=10/num_cycles=4/density=0.3/samp_size=100/seed=0/method=lacerda/model.pkl
    jobid: 48
    reason: Code has changed since last execution; Params have changed since last execution: Union of exclusive params before and now across all output: before: [0.01, 0.05, 0.1],[0.05, 0.1, 0.15, 0.2],'hsic',0.01 now: <nothing exclusive> 
    wildcards: regime=easy, d=10, num_cycles=4, density=0.3, samp_size=100, seed=0, method=lacerda
    resources: tmpdir=/tmp
[Wed Apr 29 18:33:39 2026]
Finished jobid: 48 (Rule: synth_fit)
2 of 71 steps (3%) done
Select jobs to execute...
Execute 1 jobs...
[Wed Apr 29 18:33:39 2026]
localrule synth_fit:
    input: results/synth/regime=easy/d=10/num_cycles=3/density=0.3/samp_size=100/seed=1/dataset.npz
    output: results/synth/regime=easy/d=10/num_cycles=3/density=0.3/samp_size=100/seed=1/method=lacerda/model.pkl
    jobid: 15
    reason: Code has changed since last execution; Params have changed since last execution: Union of exclusive params before and now across all output: before: [0.01, 0.05, 0.1],[0.05, 0.1, 0.15, 0.2],'hsic',0.01 now: <nothing exclusive> 
    wildcards: regime=easy, d=10, num_cycles=3, density=0.3, samp_size=100, seed=1, method=lacerda
    resources: tmpdir=/tmp
Select jobs to execute...
[Wed Apr 29 18:33:40 2026]
Finished jobid: 15 (Rule: synth_fit)
3 of 71 steps (4%) done
Execute 1 jobs...
[Wed Apr 29 18:33:40 2026]
localrule synth_fit:
    input: results/synth/regime=easy/d=10/num_cycles=5/density=0.3/samp_size=500/seed=0/dataset.npz
    output: results/synth/regime=easy/d=10/num_cycles=5/density=0.3/samp_size=500/seed=0/method=lacerda/model.pkl
    jobid: 93
    reason: Code has changed since last execution; Params have changed since last execution: Union of exclusive params before and now across all output: before: [0.01, 0.05, 0.1],[0.05, 0.1, 0.15, 0.2],'hsic',0.01 now: <nothing exclusive> 
    wildcards: regime=easy, d=10, num_cycles=5, density=0.3, samp_size=500, seed=0, method=lacerda
    resources: tmpdir=/tmp
Select jobs to execute...
[Wed Apr 29 18:33:40 2026]
Finished jobid: 93 (Rule: synth_fit)
4 of 71 steps (6%) done
Execute 1 jobs...
[Wed Apr 29 18:33:40 2026]
localrule synth_fit:
    input: results/synth/regime=easy/d=10/num_cycles=5/density=0.3/samp_size=1000/seed=1/dataset.npz
    output: results/synth/regime=easy/d=10/num_cycles=5/density=0.3/samp_size=1000/seed=1/method=lacerda/model.pkl
    jobid: 105
    reason: Code has changed since last execution; Params have changed since last execution: Union of exclusive params before and now across all output: before: [0.01, 0.05, 0.1],[0.05, 0.1, 0.15, 0.2],'hsic',0.01 now: <nothing exclusive> 
    wildcards: regime=easy, d=10, num_cycles=5, density=0.3, samp_size=1000, seed=1, method=lacerda
    resources: tmpdir=/tmp
Select jobs to execute...
[Wed Apr 29 18:33:41 2026]
Finished jobid: 105 (Rule: synth_fit)
5 of 71 steps (7%) done
Execute 1 jobs...
[Wed Apr 29 18:33:41 2026]
localrule synth_fit:
    input: results/synth/regime=easy/d=10/num_cycles=3/density=0.3/samp_size=1000/seed=2/dataset.npz
    output: results/synth/regime=easy/d=10/num_cycles=3/density=0.3/samp_size=1000/seed=2/method=lacerda/model.pkl
    jobid: 36
    reason: Code has changed since last execution; Params have changed since last execution: Union of exclusive params before and now across all output: before: [0.01, 0.05, 0.1],[0.05, 0.1, 0.15, 0.2],'hsic',0.01 now: <nothing exclusive> 
    wildcards: regime=easy, d=10, num_cycles=3, density=0.3, samp_size=1000, seed=2, method=lacerda
    resources: tmpdir=/tmp
Select jobs to execute...
[Wed Apr 29 18:33:41 2026]
Finished jobid: 36 (Rule: synth_fit)
6 of 71 steps (8%) done
Execute 1 jobs...
[Wed Apr 29 18:33:41 2026]
localrule synth_fit:
    input: results/synth/regime=easy/d=10/num_cycles=5/density=0.3/samp_size=50/seed=2/dataset.npz
    output: results/synth/regime=easy/d=10/num_cycles=5/density=0.3/samp_size=50/seed=2/method=lacerda/model.pkl
    jobid: 81
    reason: Code has changed since last execution; Params have changed since last execution: Union of exclusive params before and now across all output: before: [0.01, 0.05, 0.1],[0.05, 0.1, 0.15, 0.2],'hsic',0.01 now: <nothing exclusive> 
    wildcards: regime=easy, d=10, num_cycles=5, density=0.3, samp_size=50, seed=2, method=lacerda
    resources: tmpdir=/tmp
Select jobs to execute...
[Wed Apr 29 18:33:42 2026]
Finished jobid: 81 (Rule: synth_fit)
7 of 71 steps (10%) done
Execute 1 jobs...
[Wed Apr 29 18:33:42 2026]
localrule synth_fit:
    input: results/synth/regime=easy/d=10/num_cycles=3/density=0.3/samp_size=500/seed=1/dataset.npz
    output: results/synth/regime=easy/d=10/num_cycles=3/density=0.3/samp_size=500/seed=1/method=lacerda/model.pkl
    jobid: 24
    reason: Code has changed since last execution; Params have changed since last execution: Union of exclusive params before and now across all output: before: [0.01, 0.05, 0.1],[0.05, 0.1, 0.15, 0.2],'hsic',0.01 now: <nothing exclusive> 
    wildcards: regime=easy, d=10, num_cycles=3, density=0.3, samp_size=500, seed=1, method=lacerda
    resources: tmpdir=/tmp
Select jobs to execute...
[Wed Apr 29 18:33:42 2026]
Finished jobid: 24 (Rule: synth_fit)
8 of 71 steps (11%) done
Execute 1 jobs...
[Wed Apr 29 18:33:42 2026]
localrule synth_evaluate:
    input: results/synth/regime=easy/d=10/num_cycles=3/density=0.3/samp_size=500/seed=1/dataset.npz, results/synth/regime=easy/d=10/num_cycles=3/density=0.3/samp_size=500/seed=1/method=lacerda/model.pkl
    output: results/synth/regime=easy/d=10/num_cycles=3/density=0.3/samp_size=500/seed=1/method=lacerda/metrics.csv
    jobid: 22
    reason: Input files updated by another job: results/synth/regime=easy/d=10/num_cycles=3/density=0.3/samp_size=500/seed=1/method=lacerda/model.pkl
    wildcards: regime=easy, d=10, num_cycles=3, density=0.3, samp_size=500, seed=1, method=lacerda
    resources: tmpdir=/tmp
Select jobs to execute...
[Wed Apr 29 18:33:43 2026]
Finished jobid: 22 (Rule: synth_evaluate)
9 of 71 steps (13%) done
Execute 1 jobs...
[Wed Apr 29 18:33:43 2026]
localrule synth_fit:
    input: results/synth/regime=easy/d=10/num_cycles=4/density=0.3/samp_size=1000/seed=1/dataset.npz
    output: results/synth/regime=easy/d=10/num_cycles=4/density=0.3/samp_size=1000/seed=1/method=lacerda/model.pkl
    jobid: 69
    reason: Code has changed since last execution; Params have changed since last execution: Union of exclusive params before and now across all output: before: [0.01, 0.05, 0.1],[0.05, 0.1, 0.15, 0.2],'hsic',0.01 now: <nothing exclusive> 
    wildcards: regime=easy, d=10, num_cycles=4, density=0.3, samp_size=1000, seed=1, method=lacerda
    resources: tmpdir=/tmp
Select jobs to execute...
[Wed Apr 29 18:33:43 2026]
Finished jobid: 69 (Rule: synth_fit)
10 of 71 steps (14%) done
Execute 1 jobs...
[Wed Apr 29 18:33:43 2026]
localrule synth_evaluate:
    input: results/synth/regime=easy/d=10/num_cycles=4/density=0.3/samp_size=1000/seed=1/dataset.npz, results/synth/regime=easy/d=10/num_cycles=4/density=0.3/samp_size=1000/seed=1/method=lacerda/model.pkl
    output: results/synth/regime=easy/d=10/num_cycles=4/density=0.3/samp_size=1000/seed=1/method=lacerda/metrics.csv
    jobid: 67
    reason: Input files updated by another job: results/synth/regime=easy/d=10/num_cycles=4/density=0.3/samp_size=1000/seed=1/method=lacerda/model.pkl
    wildcards: regime=easy, d=10, num_cycles=4, density=0.3, samp_size=1000, seed=1, method=lacerda
    resources: tmpdir=/tmp
Select jobs to execute...
[Wed Apr 29 18:33:43 2026]
Finished jobid: 67 (Rule: synth_evaluate)
11 of 71 steps (15%) done
Execute 1 jobs...
[Wed Apr 29 18:33:43 2026]
localrule synth_evaluate:
    input: results/synth/regime=easy/d=10/num_cycles=5/density=0.3/samp_size=500/seed=0/dataset.npz, results/synth/regime=easy/d=10/num_cycles=5/density=0.3/samp_size=500/seed=0/method=lacerda/model.pkl
    output: results/synth/regime=easy/d=10/num_cycles=5/density=0.3/samp_size=500/seed=0/method=lacerda/metrics.csv
    jobid: 91
    reason: Input files updated by another job: results/synth/regime=easy/d=10/num_cycles=5/density=0.3/samp_size=500/seed=0/method=lacerda/model.pkl
    wildcards: regime=easy, d=10, num_cycles=5, density=0.3, samp_size=500, seed=0, method=lacerda
    resources: tmpdir=/tmp
Select jobs to execute...
[Wed Apr 29 18:33:44 2026]
Finished jobid: 91 (Rule: synth_evaluate)
12 of 71 steps (17%) done
Execute 1 jobs...
[Wed Apr 29 18:33:44 2026]
localrule synth_fit:
    input: results/synth/regime=easy/d=10/num_cycles=5/density=0.3/samp_size=1000/seed=2/dataset.npz
    output: results/synth/regime=easy/d=10/num_cycles=5/density=0.3/samp_size=1000/seed=2/method=lacerda/model.pkl
    jobid: 108
    reason: Code has changed since last execution; Params have changed since last execution: Union of exclusive params before and now across all output: before: [0.01, 0.05, 0.1],[0.05, 0.1, 0.15, 0.2],'hsic',0.01 now: <nothing exclusive> 
    wildcards: regime=easy, d=10, num_cycles=5, density=0.3, samp_size=1000, seed=2, method=lacerda
    resources: tmpdir=/tmp
Select jobs to execute...
[Wed Apr 29 18:33:44 2026]
Finished jobid: 108 (Rule: synth_fit)
13 of 71 steps (18%) done
Execute 1 jobs...
[Wed Apr 29 18:33:44 2026]
localrule synth_fit:
    input: results/synth/regime=easy/d=10/num_cycles=3/density=0.3/samp_size=100/seed=2/dataset.npz
    output: results/synth/regime=easy/d=10/num_cycles=3/density=0.3/samp_size=100/seed=2/method=lacerda/model.pkl
    jobid: 18
    reason: Code has changed since last execution; Params have changed since last execution: Union of exclusive params before and now across all output: before: [0.01, 0.05, 0.1],[0.05, 0.1, 0.15, 0.2],'hsic',0.01 now: <nothing exclusive> 
    wildcards: regime=easy, d=10, num_cycles=3, density=0.3, samp_size=100, seed=2, method=lacerda
    resources: tmpdir=/tmp
Select jobs to execute...
[Wed Apr 29 18:33:45 2026]
Finished jobid: 18 (Rule: synth_fit)
14 of 71 steps (20%) done
Execute 1 jobs...
[Wed Apr 29 18:33:45 2026]
localrule synth_fit:
    input: results/synth/regime=easy/d=10/num_cycles=5/density=0.3/samp_size=50/seed=0/dataset.npz
    output: results/synth/regime=easy/d=10/num_cycles=5/density=0.3/samp_size=50/seed=0/method=lacerda/model.pkl
    jobid: 75
    reason: Code has changed since last execution; Params have changed since last execution: Union of exclusive params before and now across all output: before: [0.01, 0.05, 0.1],[0.05, 0.1, 0.15, 0.2],'hsic',0.01 now: <nothing exclusive> 
    wildcards: regime=easy, d=10, num_cycles=5, density=0.3, samp_size=50, seed=0, method=lacerda
    resources: tmpdir=/tmp
Select jobs to execute...
[Wed Apr 29 18:33:46 2026]
Finished jobid: 75 (Rule: synth_fit)
15 of 71 steps (21%) done
Execute 1 jobs...
[Wed Apr 29 18:33:46 2026]
localrule synth_fit:
    input: results/synth/regime=easy/d=10/num_cycles=3/density=0.3/samp_size=1000/seed=0/dataset.npz
    output: results/synth/regime=easy/d=10/num_cycles=3/density=0.3/samp_size=1000/seed=0/method=lacerda/model.pkl
    jobid: 30
    reason: Code has changed since last execution; Params have changed since last execution: Union of exclusive params before and now across all output: before: [0.01, 0.05, 0.1],[0.05, 0.1, 0.15, 0.2],'hsic',0.01 now: <nothing exclusive> 
    wildcards: regime=easy, d=10, num_cycles=3, density=0.3, samp_size=1000, seed=0, method=lacerda
    resources: tmpdir=/tmp
Select jobs to execute...
[Wed Apr 29 18:33:46 2026]
Finished jobid: 30 (Rule: synth_fit)
16 of 71 steps (23%) done
Execute 1 jobs...
[Wed Apr 29 18:33:46 2026]
localrule synth_fit:
    input: results/synth/regime=easy/d=10/num_cycles=5/density=0.3/samp_size=100/seed=1/dataset.npz
    output: results/synth/regime=easy/d=10/num_cycles=5/density=0.3/samp_size=100/seed=1/method=lacerda/model.pkl
    jobid: 87
    reason: Code has changed since last execution; Params have changed since last execution: Union of exclusive params before and now across all output: before: [0.01, 0.05, 0.1],[0.05, 0.1, 0.15, 0.2],'hsic',0.01 now: <nothing exclusive> 
    wildcards: regime=easy, d=10, num_cycles=5, density=0.3, samp_size=100, seed=1, method=lacerda
    resources: tmpdir=/tmp
Select jobs to execute...
[Wed Apr 29 18:33:47 2026]
Finished jobid: 87 (Rule: synth_fit)
17 of 71 steps (24%) done
Execute 1 jobs...
[Wed Apr 29 18:33:47 2026]
localrule synth_fit:
    input: results/synth/regime=easy/d=10/num_cycles=4/density=0.3/samp_size=50/seed=1/dataset.npz
    output: results/synth/regime=easy/d=10/num_cycles=4/density=0.3/samp_size=50/seed=1/method=lacerda/model.pkl
    jobid: 42
    reason: Code has changed since last execution; Params have changed since last execution: Union of exclusive params before and now across all output: before: [0.01, 0.05, 0.1],[0.05, 0.1, 0.15, 0.2],'hsic',0.01 now: <nothing exclusive> 
    wildcards: regime=easy, d=10, num_cycles=4, density=0.3, samp_size=50, seed=1, method=lacerda
    resources: tmpdir=/tmp
Select jobs to execute...
[Wed Apr 29 18:33:47 2026]
Finished jobid: 42 (Rule: synth_fit)
18 of 71 steps (25%) done
Execute 1 jobs...
[Wed Apr 29 18:33:47 2026]
localrule synth_fit:
    input: results/synth/regime=easy/d=10/num_cycles=3/density=0.3/samp_size=50/seed=2/dataset.npz
    output: results/synth/regime=easy/d=10/num_cycles=3/density=0.3/samp_size=50/seed=2/method=lacerda/model.pkl
    jobid: 9
    reason: Code has changed since last execution; Params have changed since last execution: Union of exclusive params before and now across all output: before: [0.01, 0.05, 0.1],[0.05, 0.1, 0.15, 0.2],'hsic',0.01 now: <nothing exclusive> 
    wildcards: regime=easy, d=10, num_cycles=3, density=0.3, samp_size=50, seed=2, method=lacerda
    resources: tmpdir=/tmp
Select jobs to execute...
[Wed Apr 29 18:33:48 2026]
Finished jobid: 9 (Rule: synth_fit)
19 of 71 steps (27%) done
Execute 1 jobs...
[Wed Apr 29 18:33:48 2026]
localrule synth_fit:
    input: results/synth/regime=easy/d=10/num_cycles=5/density=0.3/samp_size=500/seed=2/dataset.npz
    output: results/synth/regime=easy/d=10/num_cycles=5/density=0.3/samp_size=500/seed=2/method=lacerda/model.pkl
    jobid: 99
    reason: Code has changed since last execution; Params have changed since last execution: Union of exclusive params before and now across all output: before: [0.01, 0.05, 0.1],[0.05, 0.1, 0.15, 0.2],'hsic',0.01 now: <nothing exclusive> 
    wildcards: regime=easy, d=10, num_cycles=5, density=0.3, samp_size=500, seed=2, method=lacerda
    resources: tmpdir=/tmp
Select jobs to execute...
[Wed Apr 29 18:33:48 2026]
Finished jobid: 99 (Rule: synth_fit)
20 of 71 steps (28%) done
Execute 1 jobs...
[Wed Apr 29 18:33:48 2026]
localrule synth_fit:
    input: results/synth/regime=easy/d=10/num_cycles=4/density=0.3/samp_size=500/seed=2/dataset.npz
    output: results/synth/regime=easy/d=10/num_cycles=4/density=0.3/samp_size=500/seed=2/method=lacerda/model.pkl
    jobid: 63
    reason: Code has changed since last execution; Params have changed since last execution: Union of exclusive params before and now across all output: before: [0.01, 0.05, 0.1],[0.05, 0.1, 0.15, 0.2],'hsic',0.01 now: <nothing exclusive> 
    wildcards: regime=easy, d=10, num_cycles=4, density=0.3, samp_size=500, seed=2, method=lacerda
    resources: tmpdir=/tmp
Select jobs to execute...
[Wed Apr 29 18:33:49 2026]
Finished jobid: 63 (Rule: synth_fit)
21 of 71 steps (30%) done
Execute 1 jobs...
[Wed Apr 29 18:33:49 2026]
localrule synth_evaluate:
    input: results/synth/regime=easy/d=10/num_cycles=5/density=0.3/samp_size=50/seed=2/dataset.npz, results/synth/regime=easy/d=10/num_cycles=5/density=0.3/samp_size=50/seed=2/method=lacerda/model.pkl
    output: results/synth/regime=easy/d=10/num_cycles=5/density=0.3/samp_size=50/seed=2/method=lacerda/metrics.csv
    jobid: 79
    reason: Input files updated by another job: results/synth/regime=easy/d=10/num_cycles=5/density=0.3/samp_size=50/seed=2/method=lacerda/model.pkl
    wildcards: regime=easy, d=10, num_cycles=5, density=0.3, samp_size=50, seed=2, method=lacerda
    resources: tmpdir=/tmp
Select jobs to execute...
[Wed Apr 29 18:33:49 2026]
Finished jobid: 79 (Rule: synth_evaluate)
22 of 71 steps (31%) done
Execute 1 jobs...
[Wed Apr 29 18:33:49 2026]
localrule synth_fit:
    input: results/synth/regime=easy/d=10/num_cycles=4/density=0.3/samp_size=100/seed=2/dataset.npz
    output: results/synth/regime=easy/d=10/num_cycles=4/density=0.3/samp_size=100/seed=2/method=lacerda/model.pkl
    jobid: 54
    reason: Code has changed since last execution; Params have changed since last execution: Union of exclusive params before and now across all output: before: [0.01, 0.05, 0.1],[0.05, 0.1, 0.15, 0.2],'hsic',0.01 now: <nothing exclusive> 
    wildcards: regime=easy, d=10, num_cycles=4, density=0.3, samp_size=100, seed=2, method=lacerda
    resources: tmpdir=/tmp
Select jobs to execute...
[Wed Apr 29 18:33:50 2026]
Finished jobid: 54 (Rule: synth_fit)
23 of 71 steps (32%) done
Execute 1 jobs...
[Wed Apr 29 18:33:50 2026]
localrule synth_evaluate:
    input: results/synth/regime=easy/d=10/num_cycles=4/density=0.3/samp_size=100/seed=2/dataset.npz, results/synth/regime=easy/d=10/num_cycles=4/density=0.3/samp_size=100/seed=2/method=lacerda/model.pkl
    output: results/synth/regime=easy/d=10/num_cycles=4/density=0.3/samp_size=100/seed=2/method=lacerda/metrics.csv
    jobid: 52
    reason: Input files updated by another job: results/synth/regime=easy/d=10/num_cycles=4/density=0.3/samp_size=100/seed=2/method=lacerda/model.pkl
    wildcards: regime=easy, d=10, num_cycles=4, density=0.3, samp_size=100, seed=2, method=lacerda
    resources: tmpdir=/tmp
Select jobs to execute...
[Wed Apr 29 18:33:50 2026]
Finished jobid: 52 (Rule: synth_evaluate)
24 of 71 steps (34%) done
Execute 1 jobs...
[Wed Apr 29 18:33:50 2026]
localrule synth_evaluate:
    input: results/synth/regime=easy/d=10/num_cycles=3/density=0.3/samp_size=1000/seed=2/dataset.npz, results/synth/regime=easy/d=10/num_cycles=3/density=0.3/samp_size=1000/seed=2/method=lacerda/model.pkl
    output: results/synth/regime=easy/d=10/num_cycles=3/density=0.3/samp_size=1000/seed=2/method=lacerda/metrics.csv
    jobid: 34
    reason: Input files updated by another job: results/synth/regime=easy/d=10/num_cycles=3/density=0.3/samp_size=1000/seed=2/method=lacerda/model.pkl
    wildcards: regime=easy, d=10, num_cycles=3, density=0.3, samp_size=1000, seed=2, method=lacerda
    resources: tmpdir=/tmp
Select jobs to execute...
[Wed Apr 29 18:33:51 2026]
Finished jobid: 34 (Rule: synth_evaluate)
25 of 71 steps (35%) done
Execute 1 jobs...
[Wed Apr 29 18:33:51 2026]
localrule synth_evaluate:
    input: results/synth/regime=easy/d=10/num_cycles=5/density=0.3/samp_size=1000/seed=1/dataset.npz, results/synth/regime=easy/d=10/num_cycles=5/density=0.3/samp_size=1000/seed=1/method=lacerda/model.pkl
    output: results/synth/regime=easy/d=10/num_cycles=5/density=0.3/samp_size=1000/seed=1/method=lacerda/metrics.csv
    jobid: 103
    reason: Input files updated by another job: results/synth/regime=easy/d=10/num_cycles=5/density=0.3/samp_size=1000/seed=1/method=lacerda/model.pkl
    wildcards: regime=easy, d=10, num_cycles=5, density=0.3, samp_size=1000, seed=1, method=lacerda
    resources: tmpdir=/tmp
Select jobs to execute...
[Wed Apr 29 18:33:51 2026]
Finished jobid: 103 (Rule: synth_evaluate)
26 of 71 steps (37%) done
Execute 1 jobs...
[Wed Apr 29 18:33:51 2026]
localrule synth_fit:
    input: results/synth/regime=easy/d=10/num_cycles=4/density=0.3/samp_size=1000/seed=0/dataset.npz
    output: results/synth/regime=easy/d=10/num_cycles=4/density=0.3/samp_size=1000/seed=0/method=lacerda/model.pkl
    jobid: 66
    reason: Code has changed since last execution; Params have changed since last execution: Union of exclusive params before and now across all output: before: [0.01, 0.05, 0.1],[0.05, 0.1, 0.15, 0.2],'hsic',0.01 now: <nothing exclusive> 
    wildcards: regime=easy, d=10, num_cycles=4, density=0.3, samp_size=1000, seed=0, method=lacerda
    resources: tmpdir=/tmp
Select jobs to execute...
[Wed Apr 29 18:33:52 2026]
Finished jobid: 66 (Rule: synth_fit)
27 of 71 steps (38%) done
Execute 1 jobs...
[Wed Apr 29 18:33:52 2026]
localrule synth_evaluate:
    input: results/synth/regime=easy/d=10/num_cycles=3/density=0.3/samp_size=50/seed=2/dataset.npz, results/synth/regime=easy/d=10/num_cycles=3/density=0.3/samp_size=50/seed=2/method=lacerda/model.pkl
    output: results/synth/regime=easy/d=10/num_cycles=3/density=0.3/samp_size=50/seed=2/method=lacerda/metrics.csv
    jobid: 7
    reason: Input files updated by another job: results/synth/regime=easy/d=10/num_cycles=3/density=0.3/samp_size=50/seed=2/method=lacerda/model.pkl
    wildcards: regime=easy, d=10, num_cycles=3, density=0.3, samp_size=50, seed=2, method=lacerda
    resources: tmpdir=/tmp
Select jobs to execute...
[Wed Apr 29 18:33:52 2026]
Finished jobid: 7 (Rule: synth_evaluate)
28 of 71 steps (39%) done
Execute 1 jobs...
[Wed Apr 29 18:33:52 2026]
localrule synth_fit:
    input: results/synth/regime=easy/d=10/num_cycles=5/density=0.3/samp_size=50/seed=1/dataset.npz
    output: results/synth/regime=easy/d=10/num_cycles=5/density=0.3/samp_size=50/seed=1/method=lacerda/model.pkl
    jobid: 78
    reason: Code has changed since last execution; Params have changed since last execution: Union of exclusive params before and now across all output: before: [0.01, 0.05, 0.1],[0.05, 0.1, 0.15, 0.2],'hsic',0.01 now: <nothing exclusive> 
    wildcards: regime=easy, d=10, num_cycles=5, density=0.3, samp_size=50, seed=1, method=lacerda
    resources: tmpdir=/tmp
Select jobs to execute...
[Wed Apr 29 18:33:53 2026]
Finished jobid: 78 (Rule: synth_fit)
29 of 71 steps (41%) done
Execute 1 jobs...
[Wed Apr 29 18:33:53 2026]
localrule synth_evaluate:
    input: results/synth/regime=easy/d=10/num_cycles=5/density=0.3/samp_size=50/seed=1/dataset.npz, results/synth/regime=easy/d=10/num_cycles=5/density=0.3/samp_size=50/seed=1/method=lacerda/model.pkl
    output: results/synth/regime=easy/d=10/num_cycles=5/density=0.3/samp_size=50/seed=1/method=lacerda/metrics.csv
    jobid: 76
    reason: Input files updated by another job: results/synth/regime=easy/d=10/num_cycles=5/density=0.3/samp_size=50/seed=1/method=lacerda/model.pkl
    wildcards: regime=easy, d=10, num_cycles=5, density=0.3, samp_size=50, seed=1, method=lacerda
    resources: tmpdir=/tmp
Select jobs to execute...
[Wed Apr 29 18:33:53 2026]
Finished jobid: 76 (Rule: synth_evaluate)
30 of 71 steps (42%) done
Execute 1 jobs...
[Wed Apr 29 18:33:53 2026]
localrule synth_fit:
    input: results/synth/regime=easy/d=10/num_cycles=3/density=0.3/samp_size=1000/seed=1/dataset.npz
    output: results/synth/regime=easy/d=10/num_cycles=3/density=0.3/samp_size=1000/seed=1/method=lacerda/model.pkl
    jobid: 33
    reason: Code has changed since last execution; Params have changed since last execution: Union of exclusive params before and now across all output: before: [0.01, 0.05, 0.1],[0.05, 0.1, 0.15, 0.2],'hsic',0.01 now: <nothing exclusive> 
    wildcards: regime=easy, d=10, num_cycles=3, density=0.3, samp_size=1000, seed=1, method=lacerda
    resources: tmpdir=/tmp
Select jobs to execute...
[Wed Apr 29 18:33:53 2026]
Finished jobid: 33 (Rule: synth_fit)
31 of 71 steps (44%) done
Execute 1 jobs...
[Wed Apr 29 18:33:53 2026]
localrule synth_evaluate:
    input: results/synth/regime=easy/d=10/num_cycles=3/density=0.3/samp_size=1000/seed=1/dataset.npz, results/synth/regime=easy/d=10/num_cycles=3/density=0.3/samp_size=1000/seed=1/method=lacerda/model.pkl
    output: results/synth/regime=easy/d=10/num_cycles=3/density=0.3/samp_size=1000/seed=1/method=lacerda/metrics.csv
    jobid: 31
    reason: Input files updated by another job: results/synth/regime=easy/d=10/num_cycles=3/density=0.3/samp_size=1000/seed=1/method=lacerda/model.pkl
    wildcards: regime=easy, d=10, num_cycles=3, density=0.3, samp_size=1000, seed=1, method=lacerda
    resources: tmpdir=/tmp
Select jobs to execute...
[Wed Apr 29 18:33:54 2026]
Finished jobid: 31 (Rule: synth_evaluate)
32 of 71 steps (45%) done
Execute 1 jobs...
[Wed Apr 29 18:33:54 2026]
localrule synth_fit:
    input: results/synth/regime=easy/d=10/num_cycles=4/density=0.3/samp_size=100/seed=1/dataset.npz
    output: results/synth/regime=easy/d=10/num_cycles=4/density=0.3/samp_size=100/seed=1/method=lacerda/model.pkl
    jobid: 51
    reason: Code has changed since last execution; Params have changed since last execution: Union of exclusive params before and now across all output: before: [0.01, 0.05, 0.1],[0.05, 0.1, 0.15, 0.2],'hsic',0.01 now: <nothing exclusive> 
    wildcards: regime=easy, d=10, num_cycles=4, density=0.3, samp_size=100, seed=1, method=lacerda
    resources: tmpdir=/tmp
Select jobs to execute...
[Wed Apr 29 18:33:55 2026]
Finished jobid: 51 (Rule: synth_fit)
33 of 71 steps (46%) done
Execute 1 jobs...
[Wed Apr 29 18:33:55 2026]
localrule synth_fit:
    input: results/synth/regime=easy/d=10/num_cycles=5/density=0.3/samp_size=100/seed=2/dataset.npz
    output: results/synth/regime=easy/d=10/num_cycles=5/density=0.3/samp_size=100/seed=2/method=lacerda/model.pkl
    jobid: 90
    reason: Code has changed since last execution; Params have changed since last execution: Union of exclusive params before and now across all output: before: [0.01, 0.05, 0.1],[0.05, 0.1, 0.15, 0.2],'hsic',0.01 now: <nothing exclusive> 
    wildcards: regime=easy, d=10, num_cycles=5, density=0.3, samp_size=100, seed=2, method=lacerda
    resources: tmpdir=/tmp
Select jobs to execute...
[Wed Apr 29 18:33:56 2026]
Finished jobid: 90 (Rule: synth_fit)
34 of 71 steps (48%) done
Execute 1 jobs...
[Wed Apr 29 18:33:56 2026]
localrule synth_evaluate:
    input: results/synth/regime=easy/d=10/num_cycles=5/density=0.3/samp_size=1000/seed=2/dataset.npz, results/synth/regime=easy/d=10/num_cycles=5/density=0.3/samp_size=1000/seed=2/method=lacerda/model.pkl
    output: results/synth/regime=easy/d=10/num_cycles=5/density=0.3/samp_size=1000/seed=2/method=lacerda/metrics.csv
    jobid: 106
    reason: Input files updated by another job: results/synth/regime=easy/d=10/num_cycles=5/density=0.3/samp_size=1000/seed=2/method=lacerda/model.pkl
    wildcards: regime=easy, d=10, num_cycles=5, density=0.3, samp_size=1000, seed=2, method=lacerda
    resources: tmpdir=/tmp
Select jobs to execute...
[Wed Apr 29 18:33:56 2026]
Finished jobid: 106 (Rule: synth_evaluate)
35 of 71 steps (49%) done
Execute 1 jobs...
[Wed Apr 29 18:33:56 2026]
localrule synth_evaluate:
    input: results/synth/regime=easy/d=10/num_cycles=3/density=0.3/samp_size=100/seed=1/dataset.npz, results/synth/regime=easy/d=10/num_cycles=3/density=0.3/samp_size=100/seed=1/method=lacerda/model.pkl
    output: results/synth/regime=easy/d=10/num_cycles=3/density=0.3/samp_size=100/seed=1/method=lacerda/metrics.csv
    jobid: 13
    reason: Input files updated by another job: results/synth/regime=easy/d=10/num_cycles=3/density=0.3/samp_size=100/seed=1/method=lacerda/model.pkl
    wildcards: regime=easy, d=10, num_cycles=3, density=0.3, samp_size=100, seed=1, method=lacerda
    resources: tmpdir=/tmp
Select jobs to execute...
[Wed Apr 29 18:33:56 2026]
Finished jobid: 13 (Rule: synth_evaluate)
36 of 71 steps (51%) done
Execute 1 jobs...
[Wed Apr 29 18:33:56 2026]
localrule synth_evaluate:
    input: results/synth/regime=easy/d=10/num_cycles=4/density=0.3/samp_size=500/seed=2/dataset.npz, results/synth/regime=easy/d=10/num_cycles=4/density=0.3/samp_size=500/seed=2/method=lacerda/model.pkl
    output: results/synth/regime=easy/d=10/num_cycles=4/density=0.3/samp_size=500/seed=2/method=lacerda/metrics.csv
    jobid: 61
    reason: Input files updated by another job: results/synth/regime=easy/d=10/num_cycles=4/density=0.3/samp_size=500/seed=2/method=lacerda/model.pkl
    wildcards: regime=easy, d=10, num_cycles=4, density=0.3, samp_size=500, seed=2, method=lacerda
    resources: tmpdir=/tmp
Select jobs to execute...
[Wed Apr 29 18:33:57 2026]
Finished jobid: 61 (Rule: synth_evaluate)
37 of 71 steps (52%) done
Execute 1 jobs...
[Wed Apr 29 18:33:57 2026]
localrule synth_evaluate:
    input: results/synth/regime=easy/d=10/num_cycles=3/density=0.3/samp_size=100/seed=2/dataset.npz, results/synth/regime=easy/d=10/num_cycles=3/density=0.3/samp_size=100/seed=2/method=lacerda/model.pkl
    output: results/synth/regime=easy/d=10/num_cycles=3/density=0.3/samp_size=100/seed=2/method=lacerda/metrics.csv
    jobid: 16
    reason: Input files updated by another job: results/synth/regime=easy/d=10/num_cycles=3/density=0.3/samp_size=100/seed=2/method=lacerda/model.pkl
    wildcards: regime=easy, d=10, num_cycles=3, density=0.3, samp_size=100, seed=2, method=lacerda
    resources: tmpdir=/tmp
Select jobs to execute...
[Wed Apr 29 18:33:57 2026]
Finished jobid: 16 (Rule: synth_evaluate)
38 of 71 steps (54%) done
Execute 1 jobs...
[Wed Apr 29 18:33:57 2026]
localrule synth_fit:
    input: results/synth/regime=easy/d=10/num_cycles=4/density=0.3/samp_size=50/seed=2/dataset.npz
    output: results/synth/regime=easy/d=10/num_cycles=4/density=0.3/samp_size=50/seed=2/method=lacerda/model.pkl
    jobid: 45
    reason: Code has changed since last execution; Params have changed since last execution: Union of exclusive params before and now across all output: before: [0.01, 0.05, 0.1],[0.05, 0.1, 0.15, 0.2],'hsic',0.01 now: <nothing exclusive> 
    wildcards: regime=easy, d=10, num_cycles=4, density=0.3, samp_size=50, seed=2, method=lacerda
    resources: tmpdir=/tmp
Select jobs to execute...
[Wed Apr 29 18:33:58 2026]
Finished jobid: 45 (Rule: synth_fit)
39 of 71 steps (55%) done
Execute 1 jobs...
[Wed Apr 29 18:33:58 2026]
localrule synth_fit:
    input: results/synth/regime=easy/d=10/num_cycles=5/density=0.3/samp_size=500/seed=1/dataset.npz
    output: results/synth/regime=easy/d=10/num_cycles=5/density=0.3/samp_size=500/seed=1/method=lacerda/model.pkl
    jobid: 96
    reason: Code has changed since last execution; Params have changed since last execution: Union of exclusive params before and now across all output: before: [0.01, 0.05, 0.1],[0.05, 0.1, 0.15, 0.2],'hsic',0.01 now: <nothing exclusive> 
    wildcards: regime=easy, d=10, num_cycles=5, density=0.3, samp_size=500, seed=1, method=lacerda
    resources: tmpdir=/tmp
Select jobs to execute...
[Wed Apr 29 18:33:58 2026]
Finished jobid: 96 (Rule: synth_fit)
40 of 71 steps (56%) done
Execute 1 jobs...
[Wed Apr 29 18:33:58 2026]
localrule synth_fit:
    input: results/synth/regime=easy/d=10/num_cycles=5/density=0.3/samp_size=1000/seed=0/dataset.npz
    output: results/synth/regime=easy/d=10/num_cycles=5/density=0.3/samp_size=1000/seed=0/method=lacerda/model.pkl
    jobid: 102
    reason: Code has changed since last execution; Params have changed since last execution: Union of exclusive params before and now across all output: before: [0.01, 0.05, 0.1],[0.05, 0.1, 0.15, 0.2],'hsic',0.01 now: <nothing exclusive> 
    wildcards: regime=easy, d=10, num_cycles=5, density=0.3, samp_size=1000, seed=0, method=lacerda
    resources: tmpdir=/tmp
Select jobs to execute...
[Wed Apr 29 18:33:59 2026]
Finished jobid: 102 (Rule: synth_fit)
41 of 71 steps (58%) done
Execute 1 jobs...
[Wed Apr 29 18:33:59 2026]
localrule synth_evaluate:
    input: results/synth/regime=easy/d=10/num_cycles=5/density=0.3/samp_size=1000/seed=0/dataset.npz, results/synth/regime=easy/d=10/num_cycles=5/density=0.3/samp_size=1000/seed=0/method=lacerda/model.pkl
    output: results/synth/regime=easy/d=10/num_cycles=5/density=0.3/samp_size=1000/seed=0/method=lacerda/metrics.csv
    jobid: 100
    reason: Input files updated by another job: results/synth/regime=easy/d=10/num_cycles=5/density=0.3/samp_size=1000/seed=0/method=lacerda/model.pkl
    wildcards: regime=easy, d=10, num_cycles=5, density=0.3, samp_size=1000, seed=0, method=lacerda
    resources: tmpdir=/tmp
Select jobs to execute...
[Wed Apr 29 18:33:59 2026]
Finished jobid: 100 (Rule: synth_evaluate)
42 of 71 steps (59%) done
Execute 1 jobs...
[Wed Apr 29 18:33:59 2026]
localrule synth_fit:
    input: results/synth/regime=easy/d=10/num_cycles=3/density=0.3/samp_size=100/seed=0/dataset.npz
    output: results/synth/regime=easy/d=10/num_cycles=3/density=0.3/samp_size=100/seed=0/method=lacerda/model.pkl
    jobid: 12
    reason: Code has changed since last execution; Params have changed since last execution: Union of exclusive params before and now across all output: before: [0.01, 0.05, 0.1],[0.05, 0.1, 0.15, 0.2],'hsic',0.01 now: <nothing exclusive> 
    wildcards: regime=easy, d=10, num_cycles=3, density=0.3, samp_size=100, seed=0, method=lacerda
    resources: tmpdir=/tmp
Select jobs to execute...
[Wed Apr 29 18:33:59 2026]
Finished jobid: 12 (Rule: synth_fit)
43 of 71 steps (61%) done
Execute 1 jobs...
[Wed Apr 29 18:33:59 2026]
localrule synth_evaluate:
    input: results/synth/regime=easy/d=10/num_cycles=3/density=0.3/samp_size=100/seed=0/dataset.npz, results/synth/regime=easy/d=10/num_cycles=3/density=0.3/samp_size=100/seed=0/method=lacerda/model.pkl
    output: results/synth/regime=easy/d=10/num_cycles=3/density=0.3/samp_size=100/seed=0/method=lacerda/metrics.csv
    jobid: 10
    reason: Input files updated by another job: results/synth/regime=easy/d=10/num_cycles=3/density=0.3/samp_size=100/seed=0/method=lacerda/model.pkl
    wildcards: regime=easy, d=10, num_cycles=3, density=0.3, samp_size=100, seed=0, method=lacerda
    resources: tmpdir=/tmp
Select jobs to execute...
[Wed Apr 29 18:34:00 2026]
Finished jobid: 10 (Rule: synth_evaluate)
44 of 71 steps (62%) done
Execute 1 jobs...
[Wed Apr 29 18:34:00 2026]
localrule synth_evaluate:
    input: results/synth/regime=easy/d=10/num_cycles=5/density=0.3/samp_size=100/seed=1/dataset.npz, results/synth/regime=easy/d=10/num_cycles=5/density=0.3/samp_size=100/seed=1/method=lacerda/model.pkl
    output: results/synth/regime=easy/d=10/num_cycles=5/density=0.3/samp_size=100/seed=1/method=lacerda/metrics.csv
    jobid: 85
    reason: Input files updated by another job: results/synth/regime=easy/d=10/num_cycles=5/density=0.3/samp_size=100/seed=1/method=lacerda/model.pkl
    wildcards: regime=easy, d=10, num_cycles=5, density=0.3, samp_size=100, seed=1, method=lacerda
    resources: tmpdir=/tmp
Select jobs to execute...
[Wed Apr 29 18:34:00 2026]
Finished jobid: 85 (Rule: synth_evaluate)
45 of 71 steps (63%) done
Execute 1 jobs...
[Wed Apr 29 18:34:00 2026]
localrule synth_evaluate:
    input: results/synth/regime=easy/d=10/num_cycles=5/density=0.3/samp_size=500/seed=2/dataset.npz, results/synth/regime=easy/d=10/num_cycles=5/density=0.3/samp_size=500/seed=2/method=lacerda/model.pkl
    output: results/synth/regime=easy/d=10/num_cycles=5/density=0.3/samp_size=500/seed=2/method=lacerda/metrics.csv
    jobid: 97
    reason: Input files updated by another job: results/synth/regime=easy/d=10/num_cycles=5/density=0.3/samp_size=500/seed=2/method=lacerda/model.pkl
    wildcards: regime=easy, d=10, num_cycles=5, density=0.3, samp_size=500, seed=2, method=lacerda
    resources: tmpdir=/tmp
Select jobs to execute...
[Wed Apr 29 18:34:01 2026]
Finished jobid: 97 (Rule: synth_evaluate)
46 of 71 steps (65%) done
Execute 1 jobs...
[Wed Apr 29 18:34:01 2026]
localrule synth_evaluate:
    input: results/synth/regime=easy/d=10/num_cycles=4/density=0.3/samp_size=100/seed=0/dataset.npz, results/synth/regime=easy/d=10/num_cycles=4/density=0.3/samp_size=100/seed=0/method=lacerda/model.pkl
    output: results/synth/regime=easy/d=10/num_cycles=4/density=0.3/samp_size=100/seed=0/method=lacerda/metrics.csv
    jobid: 46
    reason: Input files updated by another job: results/synth/regime=easy/d=10/num_cycles=4/density=0.3/samp_size=100/seed=0/method=lacerda/model.pkl
    wildcards: regime=easy, d=10, num_cycles=4, density=0.3, samp_size=100, seed=0, method=lacerda
    resources: tmpdir=/tmp
Select jobs to execute...
[Wed Apr 29 18:34:01 2026]
Finished jobid: 46 (Rule: synth_evaluate)
47 of 71 steps (66%) done
Execute 1 jobs...
[Wed Apr 29 18:34:01 2026]
localrule synth_evaluate:
    input: results/synth/regime=easy/d=10/num_cycles=4/density=0.3/samp_size=1000/seed=0/dataset.npz, results/synth/regime=easy/d=10/num_cycles=4/density=0.3/samp_size=1000/seed=0/method=lacerda/model.pkl
    output: results/synth/regime=easy/d=10/num_cycles=4/density=0.3/samp_size=1000/seed=0/method=lacerda/metrics.csv
    jobid: 64
    reason: Input files updated by another job: results/synth/regime=easy/d=10/num_cycles=4/density=0.3/samp_size=1000/seed=0/method=lacerda/model.pkl
    wildcards: regime=easy, d=10, num_cycles=4, density=0.3, samp_size=1000, seed=0, method=lacerda
    resources: tmpdir=/tmp
Select jobs to execute...
[Wed Apr 29 18:34:02 2026]
Finished jobid: 64 (Rule: synth_evaluate)
48 of 71 steps (68%) done
Execute 1 jobs...
[Wed Apr 29 18:34:02 2026]
localrule synth_evaluate:
    input: results/synth/regime=easy/d=10/num_cycles=3/density=0.3/samp_size=50/seed=0/dataset.npz, results/synth/regime=easy/d=10/num_cycles=3/density=0.3/samp_size=50/seed=0/method=lacerda/model.pkl
    output: results/synth/regime=easy/d=10/num_cycles=3/density=0.3/samp_size=50/seed=0/method=lacerda/metrics.csv
    jobid: 1
    reason: Input files updated by another job: results/synth/regime=easy/d=10/num_cycles=3/density=0.3/samp_size=50/seed=0/method=lacerda/model.pkl
    wildcards: regime=easy, d=10, num_cycles=3, density=0.3, samp_size=50, seed=0, method=lacerda
    resources: tmpdir=/tmp
Select jobs to execute...
[Wed Apr 29 18:34:02 2026]
Finished jobid: 1 (Rule: synth_evaluate)
49 of 71 steps (69%) done
Execute 1 jobs...
[Wed Apr 29 18:34:02 2026]
localrule synth_evaluate:
    input: results/synth/regime=easy/d=10/num_cycles=5/density=0.3/samp_size=500/seed=1/dataset.npz, results/synth/regime=easy/d=10/num_cycles=5/density=0.3/samp_size=500/seed=1/method=lacerda/model.pkl
    output: results/synth/regime=easy/d=10/num_cycles=5/density=0.3/samp_size=500/seed=1/method=lacerda/metrics.csv
    jobid: 94
    reason: Input files updated by another job: results/synth/regime=easy/d=10/num_cycles=5/density=0.3/samp_size=500/seed=1/method=lacerda/model.pkl
    wildcards: regime=easy, d=10, num_cycles=5, density=0.3, samp_size=500, seed=1, method=lacerda
    resources: tmpdir=/tmp
Select jobs to execute...
[Wed Apr 29 18:34:02 2026]
Finished jobid: 94 (Rule: synth_evaluate)
50 of 71 steps (70%) done
Execute 1 jobs...
[Wed Apr 29 18:34:02 2026]
localrule synth_fit:
    input: results/synth/regime=easy/d=10/num_cycles=3/density=0.3/samp_size=50/seed=1/dataset.npz
    output: results/synth/regime=easy/d=10/num_cycles=3/density=0.3/samp_size=50/seed=1/method=lacerda/model.pkl
    jobid: 6
    reason: Code has changed since last execution; Params have changed since last execution: Union of exclusive params before and now across all output: before: [0.01, 0.05, 0.1],[0.05, 0.1, 0.15, 0.2],'hsic',0.01 now: <nothing exclusive> 
    wildcards: regime=easy, d=10, num_cycles=3, density=0.3, samp_size=50, seed=1, method=lacerda
    resources: tmpdir=/tmp
Select jobs to execute...
[Wed Apr 29 18:34:03 2026]
Finished jobid: 6 (Rule: synth_fit)
51 of 71 steps (72%) done
Execute 1 jobs...
[Wed Apr 29 18:34:03 2026]
localrule synth_evaluate:
    input: results/synth/regime=easy/d=10/num_cycles=3/density=0.3/samp_size=50/seed=1/dataset.npz, results/synth/regime=easy/d=10/num_cycles=3/density=0.3/samp_size=50/seed=1/method=lacerda/model.pkl
    output: results/synth/regime=easy/d=10/num_cycles=3/density=0.3/samp_size=50/seed=1/method=lacerda/metrics.csv
    jobid: 4
    reason: Input files updated by another job: results/synth/regime=easy/d=10/num_cycles=3/density=0.3/samp_size=50/seed=1/method=lacerda/model.pkl
    wildcards: regime=easy, d=10, num_cycles=3, density=0.3, samp_size=50, seed=1, method=lacerda
    resources: tmpdir=/tmp
Select jobs to execute...
[Wed Apr 29 18:34:03 2026]
Finished jobid: 4 (Rule: synth_evaluate)
52 of 71 steps (73%) done
Execute 1 jobs...
[Wed Apr 29 18:34:03 2026]
localrule synth_evaluate:
    input: results/synth/regime=easy/d=10/num_cycles=5/density=0.3/samp_size=50/seed=0/dataset.npz, results/synth/regime=easy/d=10/num_cycles=5/density=0.3/samp_size=50/seed=0/method=lacerda/model.pkl
    output: results/synth/regime=easy/d=10/num_cycles=5/density=0.3/samp_size=50/seed=0/method=lacerda/metrics.csv
    jobid: 73
    reason: Input files updated by another job: results/synth/regime=easy/d=10/num_cycles=5/density=0.3/samp_size=50/seed=0/method=lacerda/model.pkl
    wildcards: regime=easy, d=10, num_cycles=5, density=0.3, samp_size=50, seed=0, method=lacerda
    resources: tmpdir=/tmp
Select jobs to execute...
[Wed Apr 29 18:34:04 2026]
Finished jobid: 73 (Rule: synth_evaluate)
53 of 71 steps (75%) done
Execute 1 jobs...
[Wed Apr 29 18:34:04 2026]
localrule synth_evaluate:
    input: results/synth/regime=easy/d=10/num_cycles=3/density=0.3/samp_size=1000/seed=0/dataset.npz, results/synth/regime=easy/d=10/num_cycles=3/density=0.3/samp_size=1000/seed=0/method=lacerda/model.pkl
    output: results/synth/regime=easy/d=10/num_cycles=3/density=0.3/samp_size=1000/seed=0/method=lacerda/metrics.csv
    jobid: 28
    reason: Input files updated by another job: results/synth/regime=easy/d=10/num_cycles=3/density=0.3/samp_size=1000/seed=0/method=lacerda/model.pkl
    wildcards: regime=easy, d=10, num_cycles=3, density=0.3, samp_size=1000, seed=0, method=lacerda
    resources: tmpdir=/tmp
Select jobs to execute...
[Wed Apr 29 18:34:04 2026]
Finished jobid: 28 (Rule: synth_evaluate)
54 of 71 steps (76%) done
Execute 1 jobs...
[Wed Apr 29 18:34:04 2026]
localrule synth_evaluate:
    input: results/synth/regime=easy/d=10/num_cycles=4/density=0.3/samp_size=50/seed=1/dataset.npz, results/synth/regime=easy/d=10/num_cycles=4/density=0.3/samp_size=50/seed=1/method=lacerda/model.pkl
    output: results/synth/regime=easy/d=10/num_cycles=4/density=0.3/samp_size=50/seed=1/method=lacerda/metrics.csv
    jobid: 40
    reason: Input files updated by another job: results/synth/regime=easy/d=10/num_cycles=4/density=0.3/samp_size=50/seed=1/method=lacerda/model.pkl
    wildcards: regime=easy, d=10, num_cycles=4, density=0.3, samp_size=50, seed=1, method=lacerda
    resources: tmpdir=/tmp
Select jobs to execute...
[Wed Apr 29 18:34:04 2026]
Finished jobid: 40 (Rule: synth_evaluate)
55 of 71 steps (77%) done
Execute 1 jobs...
[Wed Apr 29 18:34:04 2026]
localrule synth_fit:
    input: results/synth/regime=easy/d=10/num_cycles=4/density=0.3/samp_size=500/seed=0/dataset.npz
    output: results/synth/regime=easy/d=10/num_cycles=4/density=0.3/samp_size=500/seed=0/method=lacerda/model.pkl
    jobid: 57
    reason: Code has changed since last execution; Params have changed since last execution: Union of exclusive params before and now across all output: before: [0.01, 0.05, 0.1],[0.05, 0.1, 0.15, 0.2],'hsic',0.01 now: <nothing exclusive> 
    wildcards: regime=easy, d=10, num_cycles=4, density=0.3, samp_size=500, seed=0, method=lacerda
    resources: tmpdir=/tmp
Select jobs to execute...
[Wed Apr 29 18:34:05 2026]
Finished jobid: 57 (Rule: synth_fit)
56 of 71 steps (79%) done
Execute 1 jobs...
[Wed Apr 29 18:34:05 2026]
localrule synth_evaluate:
    input: results/synth/regime=easy/d=10/num_cycles=4/density=0.3/samp_size=500/seed=0/dataset.npz, results/synth/regime=easy/d=10/num_cycles=4/density=0.3/samp_size=500/seed=0/method=lacerda/model.pkl
    output: results/synth/regime=easy/d=10/num_cycles=4/density=0.3/samp_size=500/seed=0/method=lacerda/metrics.csv
    jobid: 55
    reason: Input files updated by another job: results/synth/regime=easy/d=10/num_cycles=4/density=0.3/samp_size=500/seed=0/method=lacerda/model.pkl
    wildcards: regime=easy, d=10, num_cycles=4, density=0.3, samp_size=500, seed=0, method=lacerda
    resources: tmpdir=/tmp
Select jobs to execute...
[Wed Apr 29 18:34:05 2026]
Finished jobid: 55 (Rule: synth_evaluate)
57 of 71 steps (80%) done
Execute 1 jobs...
[Wed Apr 29 18:34:05 2026]
localrule synth_fit:
    input: results/synth/regime=easy/d=10/num_cycles=4/density=0.3/samp_size=50/seed=0/dataset.npz
    output: results/synth/regime=easy/d=10/num_cycles=4/density=0.3/samp_size=50/seed=0/method=lacerda/model.pkl
    jobid: 39
    reason: Code has changed since last execution; Params have changed since last execution: Union of exclusive params before and now across all output: before: [0.01, 0.05, 0.1],[0.05, 0.1, 0.15, 0.2],'hsic',0.01 now: <nothing exclusive> 
    wildcards: regime=easy, d=10, num_cycles=4, density=0.3, samp_size=50, seed=0, method=lacerda
    resources: tmpdir=/tmp
Select jobs to execute...
[Wed Apr 29 18:34:06 2026]
Finished jobid: 39 (Rule: synth_fit)
58 of 71 steps (82%) done
Execute 1 jobs...
[Wed Apr 29 18:34:06 2026]
localrule synth_evaluate:
    input: results/synth/regime=easy/d=10/num_cycles=4/density=0.3/samp_size=100/seed=1/dataset.npz, results/synth/regime=easy/d=10/num_cycles=4/density=0.3/samp_size=100/seed=1/method=lacerda/model.pkl
    output: results/synth/regime=easy/d=10/num_cycles=4/density=0.3/samp_size=100/seed=1/method=lacerda/metrics.csv
    jobid: 49
    reason: Input files updated by another job: results/synth/regime=easy/d=10/num_cycles=4/density=0.3/samp_size=100/seed=1/method=lacerda/model.pkl
    wildcards: regime=easy, d=10, num_cycles=4, density=0.3, samp_size=100, seed=1, method=lacerda
    resources: tmpdir=/tmp
Select jobs to execute...
[Wed Apr 29 18:34:06 2026]
Finished jobid: 49 (Rule: synth_evaluate)
59 of 71 steps (83%) done
Execute 1 jobs...
[Wed Apr 29 18:34:06 2026]
localrule synth_fit:
    input: results/synth/regime=easy/d=10/num_cycles=5/density=0.3/samp_size=100/seed=0/dataset.npz
    output: results/synth/regime=easy/d=10/num_cycles=5/density=0.3/samp_size=100/seed=0/method=lacerda/model.pkl
    jobid: 84
    reason: Code has changed since last execution; Params have changed since last execution: Union of exclusive params before and now across all output: before: [0.01, 0.05, 0.1],[0.05, 0.1, 0.15, 0.2],'hsic',0.01 now: <nothing exclusive> 
    wildcards: regime=easy, d=10, num_cycles=5, density=0.3, samp_size=100, seed=0, method=lacerda
    resources: tmpdir=/tmp
Select jobs to execute...
[Wed Apr 29 18:34:07 2026]
Finished jobid: 84 (Rule: synth_fit)
60 of 71 steps (85%) done
Execute 1 jobs...
[Wed Apr 29 18:34:07 2026]
localrule synth_evaluate:
    input: results/synth/regime=easy/d=10/num_cycles=4/density=0.3/samp_size=50/seed=2/dataset.npz, results/synth/regime=easy/d=10/num_cycles=4/density=0.3/samp_size=50/seed=2/method=lacerda/model.pkl
    output: results/synth/regime=easy/d=10/num_cycles=4/density=0.3/samp_size=50/seed=2/method=lacerda/metrics.csv
    jobid: 43
    reason: Input files updated by another job: results/synth/regime=easy/d=10/num_cycles=4/density=0.3/samp_size=50/seed=2/method=lacerda/model.pkl
    wildcards: regime=easy, d=10, num_cycles=4, density=0.3, samp_size=50, seed=2, method=lacerda
    resources: tmpdir=/tmp
Select jobs to execute...
[Wed Apr 29 18:34:07 2026]
Finished jobid: 43 (Rule: synth_evaluate)
61 of 71 steps (86%) done
Execute 1 jobs...
[Wed Apr 29 18:34:07 2026]
localrule synth_evaluate:
    input: results/synth/regime=easy/d=10/num_cycles=5/density=0.3/samp_size=100/seed=2/dataset.npz, results/synth/regime=easy/d=10/num_cycles=5/density=0.3/samp_size=100/seed=2/method=lacerda/model.pkl
    output: results/synth/regime=easy/d=10/num_cycles=5/density=0.3/samp_size=100/seed=2/method=lacerda/metrics.csv
    jobid: 88
    reason: Input files updated by another job: results/synth/regime=easy/d=10/num_cycles=5/density=0.3/samp_size=100/seed=2/method=lacerda/model.pkl
    wildcards: regime=easy, d=10, num_cycles=5, density=0.3, samp_size=100, seed=2, method=lacerda
    resources: tmpdir=/tmp
Select jobs to execute...
[Wed Apr 29 18:34:08 2026]
Finished jobid: 88 (Rule: synth_evaluate)
62 of 71 steps (87%) done
Execute 1 jobs...
[Wed Apr 29 18:34:08 2026]
localrule synth_evaluate:
    input: results/synth/regime=easy/d=10/num_cycles=4/density=0.3/samp_size=50/seed=0/dataset.npz, results/synth/regime=easy/d=10/num_cycles=4/density=0.3/samp_size=50/seed=0/method=lacerda/model.pkl
    output: results/synth/regime=easy/d=10/num_cycles=4/density=0.3/samp_size=50/seed=0/method=lacerda/metrics.csv
    jobid: 37
    reason: Input files updated by another job: results/synth/regime=easy/d=10/num_cycles=4/density=0.3/samp_size=50/seed=0/method=lacerda/model.pkl
    wildcards: regime=easy, d=10, num_cycles=4, density=0.3, samp_size=50, seed=0, method=lacerda
    resources: tmpdir=/tmp
Select jobs to execute...
[Wed Apr 29 18:34:08 2026]
Finished jobid: 37 (Rule: synth_evaluate)
63 of 71 steps (89%) done
Execute 1 jobs...
[Wed Apr 29 18:34:08 2026]
localrule synth_evaluate:
    input: results/synth/regime=easy/d=10/num_cycles=5/density=0.3/samp_size=100/seed=0/dataset.npz, results/synth/regime=easy/d=10/num_cycles=5/density=0.3/samp_size=100/seed=0/method=lacerda/model.pkl
    output: results/synth/regime=easy/d=10/num_cycles=5/density=0.3/samp_size=100/seed=0/method=lacerda/metrics.csv
    jobid: 82
    reason: Input files updated by another job: results/synth/regime=easy/d=10/num_cycles=5/density=0.3/samp_size=100/seed=0/method=lacerda/model.pkl
    wildcards: regime=easy, d=10, num_cycles=5, density=0.3, samp_size=100, seed=0, method=lacerda
    resources: tmpdir=/tmp
Select jobs to execute...
[Wed Apr 29 18:34:08 2026]
Finished jobid: 82 (Rule: synth_evaluate)
64 of 71 steps (90%) done
Execute 1 jobs...
[Wed Apr 29 18:34:08 2026]
localrule synth_fit:
    input: results/synth/regime=easy/d=10/num_cycles=3/density=0.3/samp_size=500/seed=2/dataset.npz
    output: results/synth/regime=easy/d=10/num_cycles=3/density=0.3/samp_size=500/seed=2/method=lacerda/model.pkl
    jobid: 27
    reason: Code has changed since last execution; Params have changed since last execution: Union of exclusive params before and now across all output: before: [0.01, 0.05, 0.1],[0.05, 0.1, 0.15, 0.2],'hsic',0.01 now: <nothing exclusive> 
    wildcards: regime=easy, d=10, num_cycles=3, density=0.3, samp_size=500, seed=2, method=lacerda
    resources: tmpdir=/tmp
Select jobs to execute...
[Wed Apr 29 18:34:09 2026]
Finished jobid: 27 (Rule: synth_fit)
65 of 71 steps (92%) done
Execute 1 jobs...
[Wed Apr 29 18:34:09 2026]
localrule synth_evaluate:
    input: results/synth/regime=easy/d=10/num_cycles=3/density=0.3/samp_size=500/seed=2/dataset.npz, results/synth/regime=easy/d=10/num_cycles=3/density=0.3/samp_size=500/seed=2/method=lacerda/model.pkl
    output: results/synth/regime=easy/d=10/num_cycles=3/density=0.3/samp_size=500/seed=2/method=lacerda/metrics.csv
    jobid: 25
    reason: Input files updated by another job: results/synth/regime=easy/d=10/num_cycles=3/density=0.3/samp_size=500/seed=2/method=lacerda/model.pkl
    wildcards: regime=easy, d=10, num_cycles=3, density=0.3, samp_size=500, seed=2, method=lacerda
    resources: tmpdir=/tmp
Select jobs to execute...
[Wed Apr 29 18:34:09 2026]
Finished jobid: 25 (Rule: synth_evaluate)
66 of 71 steps (93%) done
Execute 1 jobs...
[Wed Apr 29 18:34:09 2026]
localrule synth_fit:
    input: results/synth/regime=easy/d=10/num_cycles=4/density=0.3/samp_size=1000/seed=2/dataset.npz
    output: results/synth/regime=easy/d=10/num_cycles=4/density=0.3/samp_size=1000/seed=2/method=lacerda/model.pkl
    jobid: 72
    reason: Code has changed since last execution; Params have changed since last execution: Union of exclusive params before and now across all output: before: [0.01, 0.05, 0.1],[0.05, 0.1, 0.15, 0.2],'hsic',0.01 now: <nothing exclusive> 
    wildcards: regime=easy, d=10, num_cycles=4, density=0.3, samp_size=1000, seed=2, method=lacerda
    resources: tmpdir=/tmp
Select jobs to execute...
[Wed Apr 29 18:34:10 2026]
Finished jobid: 72 (Rule: synth_fit)
67 of 71 steps (94%) done
Execute 1 jobs...
[Wed Apr 29 18:34:10 2026]
localrule synth_evaluate:
    input: results/synth/regime=easy/d=10/num_cycles=4/density=0.3/samp_size=1000/seed=2/dataset.npz, results/synth/regime=easy/d=10/num_cycles=4/density=0.3/samp_size=1000/seed=2/method=lacerda/model.pkl
    output: results/synth/regime=easy/d=10/num_cycles=4/density=0.3/samp_size=1000/seed=2/method=lacerda/metrics.csv
    jobid: 70
    reason: Input files updated by another job: results/synth/regime=easy/d=10/num_cycles=4/density=0.3/samp_size=1000/seed=2/method=lacerda/model.pkl
    wildcards: regime=easy, d=10, num_cycles=4, density=0.3, samp_size=1000, seed=2, method=lacerda
    resources: tmpdir=/tmp
Select jobs to execute...
[Wed Apr 29 18:34:10 2026]
Finished jobid: 70 (Rule: synth_evaluate)
68 of 71 steps (96%) done
Execute 1 jobs...
[Wed Apr 29 18:34:10 2026]
localrule synth_fit:
    input: results/synth/regime=easy/d=10/num_cycles=4/density=0.3/samp_size=500/seed=1/dataset.npz
    output: results/synth/regime=easy/d=10/num_cycles=4/density=0.3/samp_size=500/seed=1/method=lacerda/model.pkl
    jobid: 60
    reason: Code has changed since last execution; Params have changed since last execution: Union of exclusive params before and now across all output: before: [0.01, 0.05, 0.1],[0.05, 0.1, 0.15, 0.2],'hsic',0.01 now: <nothing exclusive> 
    wildcards: regime=easy, d=10, num_cycles=4, density=0.3, samp_size=500, seed=1, method=lacerda
    resources: tmpdir=/tmp
[Wed Apr 29 18:34:10 2026]
Finished jobid: 60 (Rule: synth_fit)
69 of 71 steps (97%) done
Select jobs to execute...
Execute 1 jobs...
[Wed Apr 29 18:34:10 2026]
localrule synth_evaluate:
    input: results/synth/regime=easy/d=10/num_cycles=4/density=0.3/samp_size=500/seed=1/dataset.npz, results/synth/regime=easy/d=10/num_cycles=4/density=0.3/samp_size=500/seed=1/method=lacerda/model.pkl
    output: results/synth/regime=easy/d=10/num_cycles=4/density=0.3/samp_size=500/seed=1/method=lacerda/metrics.csv
    jobid: 58
    reason: Input files updated by another job: results/synth/regime=easy/d=10/num_cycles=4/density=0.3/samp_size=500/seed=1/method=lacerda/model.pkl
    wildcards: regime=easy, d=10, num_cycles=4, density=0.3, samp_size=500, seed=1, method=lacerda
    resources: tmpdir=/tmp
[Wed Apr 29 18:34:11 2026]
Finished jobid: 58 (Rule: synth_evaluate)
70 of 71 steps (99%) done
Select jobs to execute...
Execute 1 jobs...
[Wed Apr 29 18:34:11 2026]
localrule synth_plot:
    input: results/synth/regime=easy/d=10/num_cycles=3/density=0.3/samp_size=50/seed=0/method=lacerda/metrics.csv, results/synth/regime=easy/d=10/num_cycles=3/density=0.3/samp_size=50/seed=1/method=lacerda/metrics.csv, results/synth/regime=easy/d=10/num_cycles=3/density=0.3/samp_size=50/seed=2/method=lacerda/metrics.csv, results/synth/regime=easy/d=10/num_cycles=3/density=0.3/samp_size=100/seed=0/method=lacerda/metrics.csv, results/synth/regime=easy/d=10/num_cycles=3/density=0.3/samp_size=100/seed=1/method=lacerda/metrics.csv, results/synth/regime=easy/d=10/num_cycles=3/density=0.3/samp_size=100/seed=2/method=lacerda/metrics.csv, results/synth/regime=easy/d=10/num_cycles=3/density=0.3/samp_size=500/seed=0/method=lacerda/metrics.csv, results/synth/regime=easy/d=10/num_cycles=3/density=0.3/samp_size=500/seed=1/method=lacerda/metrics.csv, results/synth/regime=easy/d=10/num_cycles=3/density=0.3/samp_size=500/seed=2/method=lacerda/metrics.csv, results/synth/regime=easy/d=10/num_cycles=3/density=0.3/samp_size=1000/seed=0/method=lacerda/metrics.csv, results/synth/regime=easy/d=10/num_cycles=3/density=0.3/samp_size=1000/seed=1/method=lacerda/metrics.csv, results/synth/regime=easy/d=10/num_cycles=3/density=0.3/samp_size=1000/seed=2/method=lacerda/metrics.csv, results/synth/regime=easy/d=10/num_cycles=4/density=0.3/samp_size=50/seed=0/method=lacerda/metrics.csv, results/synth/regime=easy/d=10/num_cycles=4/density=0.3/samp_size=50/seed=1/method=lacerda/metrics.csv, results/synth/regime=easy/d=10/num_cycles=4/density=0.3/samp_size=50/seed=2/method=lacerda/metrics.csv, results/synth/regime=easy/d=10/num_cycles=4/density=0.3/samp_size=100/seed=0/method=lacerda/metrics.csv, results/synth/regime=easy/d=10/num_cycles=4/density=0.3/samp_size=100/seed=1/method=lacerda/metrics.csv, results/synth/regime=easy/d=10/num_cycles=4/density=0.3/samp_size=100/seed=2/method=lacerda/metrics.csv, results/synth/regime=easy/d=10/num_cycles=4/density=0.3/samp_size=500/seed=0/method=lacerda/metrics.csv, results/synth/regime=easy/d=10/num_cycles=4/density=0.3/samp_size=500/seed=1/method=lacerda/metrics.csv, results/synth/regime=easy/d=10/num_cycles=4/density=0.3/samp_size=500/seed=2/method=lacerda/metrics.csv, results/synth/regime=easy/d=10/num_cycles=4/density=0.3/samp_size=1000/seed=0/method=lacerda/metrics.csv, results/synth/regime=easy/d=10/num_cycles=4/density=0.3/samp_size=1000/seed=1/method=lacerda/metrics.csv, results/synth/regime=easy/d=10/num_cycles=4/density=0.3/samp_size=1000/seed=2/method=lacerda/metrics.csv, results/synth/regime=easy/d=10/num_cycles=5/density=0.3/samp_size=50/seed=0/method=lacerda/metrics.csv, results/synth/regime=easy/d=10/num_cycles=5/density=0.3/samp_size=50/seed=1/method=lacerda/metrics.csv, results/synth/regime=easy/d=10/num_cycles=5/density=0.3/samp_size=50/seed=2/method=lacerda/metrics.csv, results/synth/regime=easy/d=10/num_cycles=5/density=0.3/samp_size=100/seed=0/method=lacerda/metrics.csv, results/synth/regime=easy/d=10/num_cycles=5/density=0.3/samp_size=100/seed=1/method=lacerda/metrics.csv, results/synth/regime=easy/d=10/num_cycles=5/density=0.3/samp_size=100/seed=2/method=lacerda/metrics.csv, results/synth/regime=easy/d=10/num_cycles=5/density=0.3/samp_size=500/seed=0/method=lacerda/metrics.csv, results/synth/regime=easy/d=10/num_cycles=5/density=0.3/samp_size=500/seed=1/method=lacerda/metrics.csv, results/synth/regime=easy/d=10/num_cycles=5/density=0.3/samp_size=500/seed=2/method=lacerda/metrics.csv, results/synth/regime=easy/d=10/num_cycles=5/density=0.3/samp_size=1000/seed=0/method=lacerda/metrics.csv, results/synth/regime=easy/d=10/num_cycles=5/density=0.3/samp_size=1000/seed=1/method=lacerda/metrics.csv, results/synth/regime=easy/d=10/num_cycles=5/density=0.3/samp_size=1000/seed=2/method=lacerda/metrics.csv
    output: results/synth_main_regime=easy_density=0.3.pdf
    jobid: 0
    reason: Input files updated by another job: results/synth/regime=easy/d=10/num_cycles=3/density=0.3/samp_size=1000/seed=2/method=lacerda/metrics.csv, results/synth/regime=easy/d=10/num_cycles=5/density=0.3/samp_size=50/seed=2/method=lacerda/metrics.csv, results/synth/regime=easy/d=10/num_cycles=3/density=0.3/samp_size=1000/seed=1/method=lacerda/metrics.csv, results/synth/regime=easy/d=10/num_cycles=5/density=0.3/samp_size=100/seed=0/method=lacerda/metrics.csv, results/synth/regime=easy/d=10/num_cycles=5/density=0.3/samp_size=500/seed=2/method=lacerda/metrics.csv, results/synth/regime=easy/d=10/num_cycles=4/density=0.3/samp_size=100/seed=2/method=lacerda/metrics.csv, results/synth/regime=easy/d=10/num_cycles=5/density=0.3/samp_size=500/seed=1/method=lacerda/metrics.csv, results/synth/regime=easy/d=10/num_cycles=4/density=0.3/samp_size=100/seed=1/method=lacerda/metrics.csv, results/synth/regime=easy/d=10/num_cycles=4/density=0.3/samp_size=50/seed=1/method=lacerda/metrics.csv, results/synth/regime=easy/d=10/num_cycles=4/density=0.3/samp_size=1000/seed=1/method=lacerda/metrics.csv, results/synth/regime=easy/d=10/num_cycles=5/density=0.3/samp_size=1000/seed=0/method=lacerda/metrics.csv, results/synth/regime=easy/d=10/num_cycles=3/density=0.3/samp_size=100/seed=2/method=lacerda/metrics.csv, results/synth/regime=easy/d=10/num_cycles=4/density=0.3/samp_size=500/seed=2/method=lacerda/metrics.csv, results/synth/regime=easy/d=10/num_cycles=3/density=0.3/samp_size=50/seed=0/method=lacerda/metrics.csv, results/synth/regime=easy/d=10/num_cycles=4/density=0.3/samp_size=500/seed=1/method=lacerda/metrics.csv, results/synth/regime=easy/d=10/num_cycles=3/density=0.3/samp_size=100/seed=0/method=lacerda/metrics.csv, results/synth/regime=easy/d=10/num_cycles=3/density=0.3/samp_size=50/seed=2/method=lacerda/metrics.csv, results/synth/regime=easy/d=10/num_cycles=4/density=0.3/samp_size=500/seed=0/method=lacerda/metrics.csv, results/synth/regime=easy/d=10/num_cycles=3/density=0.3/samp_size=1000/seed=0/method=lacerda/metrics.csv, results/synth/regime=easy/d=10/num_cycles=5/density=0.3/samp_size=100/seed=1/method=lacerda/metrics.csv, results/synth/regime=easy/d=10/num_cycles=3/density=0.3/samp_size=500/seed=1/method=lacerda/metrics.csv, results/synth/regime=easy/d=10/num_cycles=5/density=0.3/samp_size=500/seed=0/method=lacerda/metrics.csv, results/synth/regime=easy/d=10/num_cycles=5/density=0.3/samp_size=1000/seed=1/method=lacerda/metrics.csv, results/synth/regime=easy/d=10/num_cycles=5/density=0.3/samp_size=100/seed=2/method=lacerda/metrics.csv, results/synth/regime=easy/d=10/num_cycles=4/density=0.3/samp_size=50/seed=0/method=lacerda/metrics.csv, results/synth/regime=easy/d=10/num_cycles=3/density=0.3/samp_size=50/seed=1/method=lacerda/metrics.csv, results/synth/regime=easy/d=10/num_cycles=5/density=0.3/samp_size=50/seed=0/method=lacerda/metrics.csv, results/synth/regime=easy/d=10/num_cycles=5/density=0.3/samp_size=50/seed=1/method=lacerda/metrics.csv, results/synth/regime=easy/d=10/num_cycles=4/density=0.3/samp_size=50/seed=2/method=lacerda/metrics.csv, results/synth/regime=easy/d=10/num_cycles=3/density=0.3/samp_size=500/seed=2/method=lacerda/metrics.csv, results/synth/regime=easy/d=10/num_cycles=3/density=0.3/samp_size=100/seed=1/method=lacerda/metrics.csv, results/synth/regime=easy/d=10/num_cycles=4/density=0.3/samp_size=1000/seed=2/method=lacerda/metrics.csv, results/synth/regime=easy/d=10/num_cycles=4/density=0.3/samp_size=100/seed=0/method=lacerda/metrics.csv, results/synth/regime=easy/d=10/num_cycles=5/density=0.3/samp_size=1000/seed=2/method=lacerda/metrics.csv, results/synth/regime=easy/d=10/num_cycles=4/density=0.3/samp_size=1000/seed=0/method=lacerda/metrics.csv
    wildcards: regime=easy, density=0.3
    resources: tmpdir=/tmp
[Wed Apr 29 18:34:12 2026]
Finished jobid: 0 (Rule: synth_plot)
71 of 71 steps (100%) done
Complete log(s): /home/fmfsa/Repositories/repare_cycle/src/expt/workflow/.snakemake/log/2026-04-29T183338.521721.snakemake.log
