Assuming unrestricted shared filesystem usage.
host: AICheetah
Building DAG of jobs...
Using shell: /usr/bin/bash
Provided cores: 4
Rules claiming more threads will be scaled down.
Job stats:
job               count
--------------  -------
synth_generate        3
synth_fit             9
synth_evaluate        9
total                21

Select jobs to execute...
Execute 3 jobs...
[Mon Apr 27 23:51:39 2026]
localrule synth_generate:
    output: results/synth/regime=easy/d=10/num_cycles=3/density=0.5/samp_size=10000/seed=0/dataset.npz
    jobid: 4
    reason: Missing output files: results/synth/regime=easy/d=10/num_cycles=3/density=0.5/samp_size=10000/seed=0/dataset.npz
    wildcards: regime=easy, d=10, num_cycles=3, density=0.5, samp_size=10000, seed=0
    resources: tmpdir=/tmp
[Mon Apr 27 23:51:39 2026]
localrule synth_generate:
    output: results/synth/regime=easy/d=10/num_cycles=3/density=0.5/samp_size=10000/seed=2/dataset.npz
    jobid: 7
    reason: Missing output files: results/synth/regime=easy/d=10/num_cycles=3/density=0.5/samp_size=10000/seed=2/dataset.npz
    wildcards: regime=easy, d=10, num_cycles=3, density=0.5, samp_size=10000, seed=2
    resources: tmpdir=/tmp
[Mon Apr 27 23:51:39 2026]
localrule synth_generate:
    output: results/synth/regime=easy/d=10/num_cycles=3/density=0.5/samp_size=10000/seed=1/dataset.npz
    jobid: 1
    reason: Missing output files: results/synth/regime=easy/d=10/num_cycles=3/density=0.5/samp_size=10000/seed=1/dataset.npz
    wildcards: regime=easy, d=10, num_cycles=3, density=0.5, samp_size=10000, seed=1
    resources: tmpdir=/tmp
[Mon Apr 27 23:51:40 2026]
Finished jobid: 1 (Rule: synth_generate)
1 of 21 steps (5%) done
Select jobs to execute...
Execute 2 jobs...
[Mon Apr 27 23:51:40 2026]
localrule synth_fit:
    input: results/synth/regime=easy/d=10/num_cycles=3/density=0.5/samp_size=10000/seed=1/dataset.npz
    output: results/synth/regime=easy/d=10/num_cycles=3/density=0.5/samp_size=10000/seed=1/method=lacerda/model.pkl
    jobid: 16
    reason: Missing output files: results/synth/regime=easy/d=10/num_cycles=3/density=0.5/samp_size=10000/seed=1/method=lacerda/model.pkl; Input files updated by another job: results/synth/regime=easy/d=10/num_cycles=3/density=0.5/samp_size=10000/seed=1/dataset.npz
    wildcards: regime=easy, d=10, num_cycles=3, density=0.5, samp_size=10000, seed=1, method=lacerda
    resources: tmpdir=/tmp
[Mon Apr 27 23:51:40 2026]
localrule synth_fit:
    input: results/synth/regime=easy/d=10/num_cycles=3/density=0.5/samp_size=10000/seed=1/dataset.npz
    output: results/synth/regime=easy/d=10/num_cycles=3/density=0.5/samp_size=10000/seed=1/method=oica_scc_repare/model.pkl
    jobid: 2
    reason: Missing output files: results/synth/regime=easy/d=10/num_cycles=3/density=0.5/samp_size=10000/seed=1/method=oica_scc_repare/model.pkl; Input files updated by another job: results/synth/regime=easy/d=10/num_cycles=3/density=0.5/samp_size=10000/seed=1/dataset.npz
    wildcards: regime=easy, d=10, num_cycles=3, density=0.5, samp_size=10000, seed=1, method=oica_scc_repare
    resources: tmpdir=/tmp
[Mon Apr 27 23:51:40 2026]
Finished jobid: 4 (Rule: synth_generate)
2 of 21 steps (10%) done
[Mon Apr 27 23:51:40 2026]
Finished jobid: 7 (Rule: synth_generate)
3 of 21 steps (14%) done
Select jobs to execute...
Execute 2 jobs...
[Mon Apr 27 23:51:40 2026]
localrule synth_fit:
    input: results/synth/regime=easy/d=10/num_cycles=3/density=0.5/samp_size=10000/seed=2/dataset.npz
    output: results/synth/regime=easy/d=10/num_cycles=3/density=0.5/samp_size=10000/seed=2/method=lacerda/model.pkl
    jobid: 8
    reason: Missing output files: results/synth/regime=easy/d=10/num_cycles=3/density=0.5/samp_size=10000/seed=2/method=lacerda/model.pkl; Input files updated by another job: results/synth/regime=easy/d=10/num_cycles=3/density=0.5/samp_size=10000/seed=2/dataset.npz
    wildcards: regime=easy, d=10, num_cycles=3, density=0.5, samp_size=10000, seed=2, method=lacerda
    resources: tmpdir=/tmp
[Mon Apr 27 23:51:40 2026]
localrule synth_fit:
    input: results/synth/regime=easy/d=10/num_cycles=3/density=0.5/samp_size=10000/seed=1/dataset.npz
    output: results/synth/regime=easy/d=10/num_cycles=3/density=0.5/samp_size=10000/seed=1/method=oica_no_repare/model.pkl
    jobid: 10
    reason: Missing output files: results/synth/regime=easy/d=10/num_cycles=3/density=0.5/samp_size=10000/seed=1/method=oica_no_repare/model.pkl; Input files updated by another job: results/synth/regime=easy/d=10/num_cycles=3/density=0.5/samp_size=10000/seed=1/dataset.npz
    wildcards: regime=easy, d=10, num_cycles=3, density=0.5, samp_size=10000, seed=1, method=oica_no_repare
    resources: tmpdir=/tmp
Select jobs to execute...
[Mon Apr 27 23:51:40 2026]
Finished jobid: 8 (Rule: synth_fit)
4 of 21 steps (19%) done
Execute 1 jobs...
[Mon Apr 27 23:51:40 2026]
localrule synth_fit:
    input: results/synth/regime=easy/d=10/num_cycles=3/density=0.5/samp_size=10000/seed=0/dataset.npz
    output: results/synth/regime=easy/d=10/num_cycles=3/density=0.5/samp_size=10000/seed=0/method=oica_scc_repare/model.pkl
    jobid: 5
    reason: Missing output files: results/synth/regime=easy/d=10/num_cycles=3/density=0.5/samp_size=10000/seed=0/method=oica_scc_repare/model.pkl; Input files updated by another job: results/synth/regime=easy/d=10/num_cycles=3/density=0.5/samp_size=10000/seed=0/dataset.npz
    wildcards: regime=easy, d=10, num_cycles=3, density=0.5, samp_size=10000, seed=0, method=oica_scc_repare
    resources: tmpdir=/tmp
[Mon Apr 27 23:51:40 2026]
Finished jobid: 10 (Rule: synth_fit)
5 of 21 steps (24%) done
[Mon Apr 27 23:51:40 2026]
Finished jobid: 16 (Rule: synth_fit)
6 of 21 steps (29%) done
Select jobs to execute...
Execute 2 jobs...
[Mon Apr 27 23:51:40 2026]
localrule synth_evaluate:
    input: results/synth/regime=easy/d=10/num_cycles=3/density=0.5/samp_size=10000/seed=1/dataset.npz, results/synth/regime=easy/d=10/num_cycles=3/density=0.5/samp_size=10000/seed=1/method=lacerda/model.pkl
    output: results/synth/regime=easy/d=10/num_cycles=3/density=0.5/samp_size=10000/seed=1/method=lacerda/metrics.csv
    jobid: 15
    reason: Missing output files: results/synth/regime=easy/d=10/num_cycles=3/density=0.5/samp_size=10000/seed=1/method=lacerda/metrics.csv; Input files updated by another job: results/synth/regime=easy/d=10/num_cycles=3/density=0.5/samp_size=10000/seed=1/method=lacerda/model.pkl, results/synth/regime=easy/d=10/num_cycles=3/density=0.5/samp_size=10000/seed=1/dataset.npz
    wildcards: regime=easy, d=10, num_cycles=3, density=0.5, samp_size=10000, seed=1, method=lacerda
    resources: tmpdir=/tmp
[Mon Apr 27 23:51:40 2026]
localrule synth_evaluate:
    input: results/synth/regime=easy/d=10/num_cycles=3/density=0.5/samp_size=10000/seed=2/dataset.npz, results/synth/regime=easy/d=10/num_cycles=3/density=0.5/samp_size=10000/seed=2/method=lacerda/model.pkl
    output: results/synth/regime=easy/d=10/num_cycles=3/density=0.5/samp_size=10000/seed=2/method=lacerda/metrics.csv
    jobid: 6
    reason: Missing output files: results/synth/regime=easy/d=10/num_cycles=3/density=0.5/samp_size=10000/seed=2/method=lacerda/metrics.csv; Input files updated by another job: results/synth/regime=easy/d=10/num_cycles=3/density=0.5/samp_size=10000/seed=2/method=lacerda/model.pkl, results/synth/regime=easy/d=10/num_cycles=3/density=0.5/samp_size=10000/seed=2/dataset.npz
    wildcards: regime=easy, d=10, num_cycles=3, density=0.5, samp_size=10000, seed=2, method=lacerda
    resources: tmpdir=/tmp
Select jobs to execute...
[Mon Apr 27 23:51:41 2026]
Finished jobid: 6 (Rule: synth_evaluate)
7 of 21 steps (33%) done
Execute 1 jobs...
[Mon Apr 27 23:51:41 2026]
localrule synth_evaluate:
    input: results/synth/regime=easy/d=10/num_cycles=3/density=0.5/samp_size=10000/seed=1/dataset.npz, results/synth/regime=easy/d=10/num_cycles=3/density=0.5/samp_size=10000/seed=1/method=oica_no_repare/model.pkl
    output: results/synth/regime=easy/d=10/num_cycles=3/density=0.5/samp_size=10000/seed=1/method=oica_no_repare/metrics.csv
    jobid: 9
    reason: Missing output files: results/synth/regime=easy/d=10/num_cycles=3/density=0.5/samp_size=10000/seed=1/method=oica_no_repare/metrics.csv; Input files updated by another job: results/synth/regime=easy/d=10/num_cycles=3/density=0.5/samp_size=10000/seed=1/method=oica_no_repare/model.pkl, results/synth/regime=easy/d=10/num_cycles=3/density=0.5/samp_size=10000/seed=1/dataset.npz
    wildcards: regime=easy, d=10, num_cycles=3, density=0.5, samp_size=10000, seed=1, method=oica_no_repare
    resources: tmpdir=/tmp
[Mon Apr 27 23:51:41 2026]
Finished jobid: 15 (Rule: synth_evaluate)
8 of 21 steps (38%) done
Select jobs to execute...
Execute 1 jobs...
[Mon Apr 27 23:51:41 2026]
localrule synth_fit:
    input: results/synth/regime=easy/d=10/num_cycles=3/density=0.5/samp_size=10000/seed=2/dataset.npz
    output: results/synth/regime=easy/d=10/num_cycles=3/density=0.5/samp_size=10000/seed=2/method=oica_scc_repare/model.pkl
    jobid: 18
    reason: Missing output files: results/synth/regime=easy/d=10/num_cycles=3/density=0.5/samp_size=10000/seed=2/method=oica_scc_repare/model.pkl; Input files updated by another job: results/synth/regime=easy/d=10/num_cycles=3/density=0.5/samp_size=10000/seed=2/dataset.npz
    wildcards: regime=easy, d=10, num_cycles=3, density=0.5, samp_size=10000, seed=2, method=oica_scc_repare
    resources: tmpdir=/tmp
Select jobs to execute...
[Mon Apr 27 23:51:42 2026]
Finished jobid: 9 (Rule: synth_evaluate)
9 of 21 steps (43%) done
Execute 1 jobs...
[Mon Apr 27 23:51:42 2026]
localrule synth_fit:
    input: results/synth/regime=easy/d=10/num_cycles=3/density=0.5/samp_size=10000/seed=0/dataset.npz
    output: results/synth/regime=easy/d=10/num_cycles=3/density=0.5/samp_size=10000/seed=0/method=oica_no_repare/model.pkl
    jobid: 20
    reason: Missing output files: results/synth/regime=easy/d=10/num_cycles=3/density=0.5/samp_size=10000/seed=0/method=oica_no_repare/model.pkl; Input files updated by another job: results/synth/regime=easy/d=10/num_cycles=3/density=0.5/samp_size=10000/seed=0/dataset.npz
    wildcards: regime=easy, d=10, num_cycles=3, density=0.5, samp_size=10000, seed=0, method=oica_no_repare
    resources: tmpdir=/tmp
Select jobs to execute...
[Mon Apr 27 23:51:43 2026]
Finished jobid: 20 (Rule: synth_fit)
10 of 21 steps (48%) done
Execute 1 jobs...
[Mon Apr 27 23:51:43 2026]
localrule synth_evaluate:
    input: results/synth/regime=easy/d=10/num_cycles=3/density=0.5/samp_size=10000/seed=0/dataset.npz, results/synth/regime=easy/d=10/num_cycles=3/density=0.5/samp_size=10000/seed=0/method=oica_no_repare/model.pkl
    output: results/synth/regime=easy/d=10/num_cycles=3/density=0.5/samp_size=10000/seed=0/method=oica_no_repare/metrics.csv
    jobid: 19
    reason: Missing output files: results/synth/regime=easy/d=10/num_cycles=3/density=0.5/samp_size=10000/seed=0/method=oica_no_repare/metrics.csv; Input files updated by another job: results/synth/regime=easy/d=10/num_cycles=3/density=0.5/samp_size=10000/seed=0/method=oica_no_repare/model.pkl, results/synth/regime=easy/d=10/num_cycles=3/density=0.5/samp_size=10000/seed=0/dataset.npz
    wildcards: regime=easy, d=10, num_cycles=3, density=0.5, samp_size=10000, seed=0, method=oica_no_repare
    resources: tmpdir=/tmp
Select jobs to execute...
[Mon Apr 27 23:51:44 2026]
Finished jobid: 19 (Rule: synth_evaluate)
11 of 21 steps (52%) done
Execute 1 jobs...
[Mon Apr 27 23:51:44 2026]
localrule synth_fit:
    input: results/synth/regime=easy/d=10/num_cycles=3/density=0.5/samp_size=10000/seed=2/dataset.npz
    output: results/synth/regime=easy/d=10/num_cycles=3/density=0.5/samp_size=10000/seed=2/method=oica_no_repare/model.pkl
    jobid: 12
    reason: Missing output files: results/synth/regime=easy/d=10/num_cycles=3/density=0.5/samp_size=10000/seed=2/method=oica_no_repare/model.pkl; Input files updated by another job: results/synth/regime=easy/d=10/num_cycles=3/density=0.5/samp_size=10000/seed=2/dataset.npz
    wildcards: regime=easy, d=10, num_cycles=3, density=0.5, samp_size=10000, seed=2, method=oica_no_repare
    resources: tmpdir=/tmp
Select jobs to execute...
[Mon Apr 27 23:51:45 2026]
Finished jobid: 12 (Rule: synth_fit)
12 of 21 steps (57%) done
Execute 1 jobs...
[Mon Apr 27 23:51:45 2026]
localrule synth_fit:
    input: results/synth/regime=easy/d=10/num_cycles=3/density=0.5/samp_size=10000/seed=0/dataset.npz
    output: results/synth/regime=easy/d=10/num_cycles=3/density=0.5/samp_size=10000/seed=0/method=lacerda/model.pkl
    jobid: 14
    reason: Missing output files: results/synth/regime=easy/d=10/num_cycles=3/density=0.5/samp_size=10000/seed=0/method=lacerda/model.pkl; Input files updated by another job: results/synth/regime=easy/d=10/num_cycles=3/density=0.5/samp_size=10000/seed=0/dataset.npz
    wildcards: regime=easy, d=10, num_cycles=3, density=0.5, samp_size=10000, seed=0, method=lacerda
    resources: tmpdir=/tmp
Select jobs to execute...
[Mon Apr 27 23:51:46 2026]
Finished jobid: 14 (Rule: synth_fit)
13 of 21 steps (62%) done
Execute 1 jobs...
[Mon Apr 27 23:51:46 2026]
localrule synth_evaluate:
    input: results/synth/regime=easy/d=10/num_cycles=3/density=0.5/samp_size=10000/seed=0/dataset.npz, results/synth/regime=easy/d=10/num_cycles=3/density=0.5/samp_size=10000/seed=0/method=lacerda/model.pkl
    output: results/synth/regime=easy/d=10/num_cycles=3/density=0.5/samp_size=10000/seed=0/method=lacerda/metrics.csv
    jobid: 13
    reason: Missing output files: results/synth/regime=easy/d=10/num_cycles=3/density=0.5/samp_size=10000/seed=0/method=lacerda/metrics.csv; Input files updated by another job: results/synth/regime=easy/d=10/num_cycles=3/density=0.5/samp_size=10000/seed=0/method=lacerda/model.pkl, results/synth/regime=easy/d=10/num_cycles=3/density=0.5/samp_size=10000/seed=0/dataset.npz
    wildcards: regime=easy, d=10, num_cycles=3, density=0.5, samp_size=10000, seed=0, method=lacerda
    resources: tmpdir=/tmp
Select jobs to execute...
[Mon Apr 27 23:51:47 2026]
Finished jobid: 13 (Rule: synth_evaluate)
14 of 21 steps (67%) done
Execute 1 jobs...
[Mon Apr 27 23:51:47 2026]
localrule synth_evaluate:
    input: results/synth/regime=easy/d=10/num_cycles=3/density=0.5/samp_size=10000/seed=2/dataset.npz, results/synth/regime=easy/d=10/num_cycles=3/density=0.5/samp_size=10000/seed=2/method=oica_no_repare/model.pkl
    output: results/synth/regime=easy/d=10/num_cycles=3/density=0.5/samp_size=10000/seed=2/method=oica_no_repare/metrics.csv
    jobid: 11
    reason: Missing output files: results/synth/regime=easy/d=10/num_cycles=3/density=0.5/samp_size=10000/seed=2/method=oica_no_repare/metrics.csv; Input files updated by another job: results/synth/regime=easy/d=10/num_cycles=3/density=0.5/samp_size=10000/seed=2/method=oica_no_repare/model.pkl, results/synth/regime=easy/d=10/num_cycles=3/density=0.5/samp_size=10000/seed=2/dataset.npz
    wildcards: regime=easy, d=10, num_cycles=3, density=0.5, samp_size=10000, seed=2, method=oica_no_repare
    resources: tmpdir=/tmp
[Mon Apr 27 23:51:47 2026]
Finished jobid: 5 (Rule: synth_fit)
15 of 21 steps (71%) done
Select jobs to execute...
Execute 1 jobs...
[Mon Apr 27 23:51:47 2026]
localrule synth_evaluate:
    input: results/synth/regime=easy/d=10/num_cycles=3/density=0.5/samp_size=10000/seed=0/dataset.npz, results/synth/regime=easy/d=10/num_cycles=3/density=0.5/samp_size=10000/seed=0/method=oica_scc_repare/model.pkl
    output: results/synth/regime=easy/d=10/num_cycles=3/density=0.5/samp_size=10000/seed=0/method=oica_scc_repare/metrics.csv
    jobid: 3
    reason: Missing output files: results/synth/regime=easy/d=10/num_cycles=3/density=0.5/samp_size=10000/seed=0/method=oica_scc_repare/metrics.csv; Input files updated by another job: results/synth/regime=easy/d=10/num_cycles=3/density=0.5/samp_size=10000/seed=0/method=oica_scc_repare/model.pkl, results/synth/regime=easy/d=10/num_cycles=3/density=0.5/samp_size=10000/seed=0/dataset.npz
    wildcards: regime=easy, d=10, num_cycles=3, density=0.5, samp_size=10000, seed=0, method=oica_scc_repare
    resources: tmpdir=/tmp
[Mon Apr 27 23:51:48 2026]
Finished jobid: 11 (Rule: synth_evaluate)
16 of 21 steps (76%) done
[Mon Apr 27 23:51:48 2026]
Finished jobid: 3 (Rule: synth_evaluate)
17 of 21 steps (81%) done
[Mon Apr 27 23:52:43 2026]
Finished jobid: 2 (Rule: synth_fit)
18 of 21 steps (86%) done
Select jobs to execute...
Execute 1 jobs...
[Mon Apr 27 23:52:43 2026]
localrule synth_evaluate:
    input: results/synth/regime=easy/d=10/num_cycles=3/density=0.5/samp_size=10000/seed=1/dataset.npz, results/synth/regime=easy/d=10/num_cycles=3/density=0.5/samp_size=10000/seed=1/method=oica_scc_repare/model.pkl
    output: results/synth/regime=easy/d=10/num_cycles=3/density=0.5/samp_size=10000/seed=1/method=oica_scc_repare/metrics.csv
    jobid: 0
    reason: Missing output files: results/synth/regime=easy/d=10/num_cycles=3/density=0.5/samp_size=10000/seed=1/method=oica_scc_repare/metrics.csv; Input files updated by another job: results/synth/regime=easy/d=10/num_cycles=3/density=0.5/samp_size=10000/seed=1/dataset.npz, results/synth/regime=easy/d=10/num_cycles=3/density=0.5/samp_size=10000/seed=1/method=oica_scc_repare/model.pkl
    wildcards: regime=easy, d=10, num_cycles=3, density=0.5, samp_size=10000, seed=1, method=oica_scc_repare
    resources: tmpdir=/tmp
[Mon Apr 27 23:52:43 2026]
Finished jobid: 0 (Rule: synth_evaluate)
19 of 21 steps (90%) done
[Mon Apr 27 23:52:44 2026]
Finished jobid: 18 (Rule: synth_fit)
20 of 21 steps (95%) done
Select jobs to execute...
Execute 1 jobs...
[Mon Apr 27 23:52:44 2026]
localrule synth_evaluate:
    input: results/synth/regime=easy/d=10/num_cycles=3/density=0.5/samp_size=10000/seed=2/dataset.npz, results/synth/regime=easy/d=10/num_cycles=3/density=0.5/samp_size=10000/seed=2/method=oica_scc_repare/model.pkl
    output: results/synth/regime=easy/d=10/num_cycles=3/density=0.5/samp_size=10000/seed=2/method=oica_scc_repare/metrics.csv
    jobid: 17
    reason: Missing output files: results/synth/regime=easy/d=10/num_cycles=3/density=0.5/samp_size=10000/seed=2/method=oica_scc_repare/metrics.csv; Input files updated by another job: results/synth/regime=easy/d=10/num_cycles=3/density=0.5/samp_size=10000/seed=2/method=oica_scc_repare/model.pkl, results/synth/regime=easy/d=10/num_cycles=3/density=0.5/samp_size=10000/seed=2/dataset.npz
    wildcards: regime=easy, d=10, num_cycles=3, density=0.5, samp_size=10000, seed=2, method=oica_scc_repare
    resources: tmpdir=/tmp
[Mon Apr 27 23:52:44 2026]
Finished jobid: 17 (Rule: synth_evaluate)
21 of 21 steps (100%) done
Complete log(s): /home/fmfsa/Repositories/repare_cycle/src/expt/workflow/.snakemake/log/2026-04-27T235139.571778.snakemake.log
