Assuming unrestricted shared filesystem usage.
host: AICheetah
Building DAG of jobs...
Using shell: /usr/bin/bash
Provided cores: 1 (use --cores to define parallelism)
Rules claiming more threads will be scaled down.
Job stats:
job               count
--------------  -------
synth_generate        1
synth_fit             1
synth_evaluate        1
total                 3

Select jobs to execute...
Execute 1 jobs...
[Mon Apr 27 23:50:59 2026]
localrule synth_generate:
    output: results/synth/regime=hard/d=10/num_cycles=3/density=0.5/samp_size=1000/seed=0/dataset.npz
    jobid: 1
    reason: Missing output files: results/synth/regime=hard/d=10/num_cycles=3/density=0.5/samp_size=1000/seed=0/dataset.npz
    wildcards: regime=hard, d=10, num_cycles=3, density=0.5, samp_size=1000, seed=0
    resources: tmpdir=/tmp
[Mon Apr 27 23:51:00 2026]
Finished jobid: 1 (Rule: synth_generate)
1 of 3 steps (33%) done
Select jobs to execute...
Execute 1 jobs...
[Mon Apr 27 23:51:00 2026]
localrule synth_fit:
    input: results/synth/regime=hard/d=10/num_cycles=3/density=0.5/samp_size=1000/seed=0/dataset.npz
    output: results/synth/regime=hard/d=10/num_cycles=3/density=0.5/samp_size=1000/seed=0/method=oica_scc_repare/model.pkl
    jobid: 2
    reason: Missing output files: results/synth/regime=hard/d=10/num_cycles=3/density=0.5/samp_size=1000/seed=0/method=oica_scc_repare/model.pkl; Input files updated by another job: results/synth/regime=hard/d=10/num_cycles=3/density=0.5/samp_size=1000/seed=0/dataset.npz
    wildcards: regime=hard, d=10, num_cycles=3, density=0.5, samp_size=1000, seed=0, method=oica_scc_repare
    resources: tmpdir=/tmp
[Mon Apr 27 23:51:00 2026]
Finished jobid: 2 (Rule: synth_fit)
2 of 3 steps (67%) done
Select jobs to execute...
Execute 1 jobs...
[Mon Apr 27 23:51:00 2026]
localrule synth_evaluate:
    input: results/synth/regime=hard/d=10/num_cycles=3/density=0.5/samp_size=1000/seed=0/dataset.npz, results/synth/regime=hard/d=10/num_cycles=3/density=0.5/samp_size=1000/seed=0/method=oica_scc_repare/model.pkl
    output: results/synth/regime=hard/d=10/num_cycles=3/density=0.5/samp_size=1000/seed=0/method=oica_scc_repare/metrics.csv
    jobid: 0
    reason: Missing output files: results/synth/regime=hard/d=10/num_cycles=3/density=0.5/samp_size=1000/seed=0/method=oica_scc_repare/metrics.csv; Input files updated by another job: results/synth/regime=hard/d=10/num_cycles=3/density=0.5/samp_size=1000/seed=0/dataset.npz, results/synth/regime=hard/d=10/num_cycles=3/density=0.5/samp_size=1000/seed=0/method=oica_scc_repare/model.pkl
    wildcards: regime=hard, d=10, num_cycles=3, density=0.5, samp_size=1000, seed=0, method=oica_scc_repare
    resources: tmpdir=/tmp
[Mon Apr 27 23:51:00 2026]
Finished jobid: 0 (Rule: synth_evaluate)
3 of 3 steps (100%) done
Complete log(s): /home/fmfsa/Repositories/repare_cycle/src/expt/workflow/.snakemake/log/2026-04-27T235059.588778.snakemake.log
