Assuming unrestricted shared filesystem usage.
host: AICheetah
Building DAG of jobs...
Using shell: /usr/bin/bash
Provided cores: 8
Rules claiming more threads will be scaled down.
Job stats:
job               count
--------------  -------
synth_evaluate      298
synth_fit           248
synth_generate       46
synth_plot            3
total               595

Select jobs to execute...
Execute 8 jobs...
[Wed Apr 29 11:06:14 2026]
localrule synth_generate:
    output: results/synth/regime=easy/d=10/num_cycles=4/density=0.8/samp_size=100/seed=2/dataset.npz
    jobid: 559
    reason: Missing output files: results/synth/regime=easy/d=10/num_cycles=4/density=0.8/samp_size=100/seed=2/dataset.npz
    wildcards: regime=easy, d=10, num_cycles=4, density=0.8, samp_size=100, seed=2
    resources: tmpdir=/tmp
[Wed Apr 29 11:06:14 2026]
localrule synth_generate:
    output: results/synth/regime=easy/d=10/num_cycles=5/density=0.5/samp_size=500/seed=0/dataset.npz
    jobid: 92
    reason: Missing output files: results/synth/regime=easy/d=10/num_cycles=5/density=0.5/samp_size=500/seed=0/dataset.npz
    wildcards: regime=easy, d=10, num_cycles=5, density=0.5, samp_size=500, seed=0
    resources: tmpdir=/tmp
[Wed Apr 29 11:06:14 2026]
localrule synth_fit:
    input: results/synth/regime=easy/d=10/num_cycles=4/density=0.5/samp_size=500/seed=0/dataset.npz
    output: results/synth/regime=easy/d=10/num_cycles=4/density=0.5/samp_size=500/seed=0/method=lacerda_prune/model.pkl
    jobid: 146
    reason: Missing output files: results/synth/regime=easy/d=10/num_cycles=4/density=0.5/samp_size=500/seed=0/method=lacerda_prune/model.pkl
    wildcards: regime=easy, d=10, num_cycles=4, density=0.5, samp_size=500, seed=0, method=lacerda_prune
    resources: tmpdir=/tmp
[Wed Apr 29 11:06:14 2026]
localrule synth_generate:
    output: results/synth/regime=easy/d=10/num_cycles=3/density=0.8/samp_size=50/seed=2/dataset.npz
    jobid: 514
    reason: Missing output files: results/synth/regime=easy/d=10/num_cycles=3/density=0.8/samp_size=50/seed=2/dataset.npz
    wildcards: regime=easy, d=10, num_cycles=3, density=0.8, samp_size=50, seed=2
    resources: tmpdir=/tmp
[Wed Apr 29 11:06:14 2026]
localrule synth_evaluate:
    input: results/synth/regime=easy/d=10/num_cycles=4/density=0.5/samp_size=500/seed=1/dataset.npz, results/synth/regime=easy/d=10/num_cycles=4/density=0.5/samp_size=500/seed=1/method=lacerda/model.pkl
    output: results/synth/regime=easy/d=10/num_cycles=4/density=0.5/samp_size=500/seed=1/method=lacerda/metrics.csv
    jobid: 58
    reason: Missing output files: results/synth/regime=easy/d=10/num_cycles=4/density=0.5/samp_size=500/seed=1/method=lacerda/metrics.csv
    wildcards: regime=easy, d=10, num_cycles=4, density=0.5, samp_size=500, seed=1, method=lacerda
    resources: tmpdir=/tmp
[Wed Apr 29 11:06:14 2026]
localrule synth_evaluate:
    input: results/synth/regime=easy/d=10/num_cycles=3/density=0.5/samp_size=500/seed=1/dataset.npz, results/synth/regime=easy/d=10/num_cycles=3/density=0.5/samp_size=500/seed=1/method=lacerda_repare/model.pkl
    output: results/synth/regime=easy/d=10/num_cycles=3/density=0.5/samp_size=500/seed=1/method=lacerda_repare/metrics.csv
    jobid: 195
    reason: Missing output files: results/synth/regime=easy/d=10/num_cycles=3/density=0.5/samp_size=500/seed=1/method=lacerda_repare/metrics.csv
    wildcards: regime=easy, d=10, num_cycles=3, density=0.5, samp_size=500, seed=1, method=lacerda_repare
    resources: tmpdir=/tmp
[Wed Apr 29 11:06:14 2026]
localrule synth_generate:
    output: results/synth/regime=easy/d=10/num_cycles=3/density=0.3/samp_size=1000/seed=0/dataset.npz
    jobid: 282
    reason: Missing output files: results/synth/regime=easy/d=10/num_cycles=3/density=0.3/samp_size=1000/seed=0/dataset.npz
    wildcards: regime=easy, d=10, num_cycles=3, density=0.3, samp_size=1000, seed=0
    resources: tmpdir=/tmp
[Wed Apr 29 11:06:14 2026]
localrule synth_evaluate:
    input: results/synth/regime=easy/d=10/num_cycles=4/density=0.5/samp_size=500/seed=2/dataset.npz, results/synth/regime=easy/d=10/num_cycles=4/density=0.5/samp_size=500/seed=2/method=lacerda/model.pkl
    output: results/synth/regime=easy/d=10/num_cycles=4/density=0.5/samp_size=500/seed=2/method=lacerda/metrics.csv
    jobid: 61
    reason: Missing output files: results/synth/regime=easy/d=10/num_cycles=4/density=0.5/samp_size=500/seed=2/method=lacerda/metrics.csv
    wildcards: regime=easy, d=10, num_cycles=4, density=0.5, samp_size=500, seed=2, method=lacerda
    resources: tmpdir=/tmp
[Wed Apr 29 11:06:15 2026]
Finished jobid: 514 (Rule: synth_generate)
1 of 595 steps (0.2%) done
Select jobs to execute...
Execute 1 jobs...
[Wed Apr 29 11:06:15 2026]
localrule synth_evaluate:
    input: results/synth/regime=easy/d=10/num_cycles=3/density=0.8/samp_size=1000/seed=2/dataset.npz, results/synth/regime=easy/d=10/num_cycles=3/density=0.8/samp_size=1000/seed=2/method=lacerda/model.pkl
    output: results/synth/regime=easy/d=10/num_cycles=3/density=0.8/samp_size=1000/seed=2/method=lacerda/metrics.csv
    jobid: 540
    reason: Missing output files: results/synth/regime=easy/d=10/num_cycles=3/density=0.8/samp_size=1000/seed=2/method=lacerda/metrics.csv
    wildcards: regime=easy, d=10, num_cycles=3, density=0.8, samp_size=1000, seed=2, method=lacerda
    resources: tmpdir=/tmp
[Wed Apr 29 11:06:15 2026]
Finished jobid: 92 (Rule: synth_generate)
2 of 595 steps (0.3%) done
[Wed Apr 29 11:06:15 2026]
Finished jobid: 559 (Rule: synth_generate)
3 of 595 steps (1%) done
[Wed Apr 29 11:06:15 2026]
Finished jobid: 282 (Rule: synth_generate)
4 of 595 steps (1%) done
Select jobs to execute...
Execute 3 jobs...
[Wed Apr 29 11:06:15 2026]
localrule synth_evaluate:
    input: results/synth/regime=easy/d=10/num_cycles=4/density=0.5/samp_size=50/seed=2/dataset.npz, results/synth/regime=easy/d=10/num_cycles=4/density=0.5/samp_size=50/seed=2/method=lacerda/model.pkl
    output: results/synth/regime=easy/d=10/num_cycles=4/density=0.5/samp_size=50/seed=2/method=lacerda/metrics.csv
    jobid: 43
    reason: Missing output files: results/synth/regime=easy/d=10/num_cycles=4/density=0.5/samp_size=50/seed=2/method=lacerda/metrics.csv
    wildcards: regime=easy, d=10, num_cycles=4, density=0.5, samp_size=50, seed=2, method=lacerda
    resources: tmpdir=/tmp
[Wed Apr 29 11:06:15 2026]
localrule synth_fit:
    input: results/synth/regime=easy/d=10/num_cycles=4/density=0.8/samp_size=100/seed=1/dataset.npz
    output: results/synth/regime=easy/d=10/num_cycles=4/density=0.8/samp_size=100/seed=1/method=lacerda_repare/model.pkl
    jobid: 720
    reason: Missing output files: results/synth/regime=easy/d=10/num_cycles=4/density=0.8/samp_size=100/seed=1/method=lacerda_repare/model.pkl
    wildcards: regime=easy, d=10, num_cycles=4, density=0.8, samp_size=100, seed=1, method=lacerda_repare
    resources: tmpdir=/tmp
[Wed Apr 29 11:06:15 2026]
localrule synth_fit:
    input: results/synth/regime=easy/d=10/num_cycles=4/density=0.5/samp_size=50/seed=2/dataset.npz
    output: results/synth/regime=easy/d=10/num_cycles=4/density=0.5/samp_size=50/seed=2/method=lacerda_repare/model.pkl
    jobid: 210
    reason: Missing output files: results/synth/regime=easy/d=10/num_cycles=4/density=0.5/samp_size=50/seed=2/method=lacerda_repare/model.pkl
    wildcards: regime=easy, d=10, num_cycles=4, density=0.5, samp_size=50, seed=2, method=lacerda_repare
    resources: tmpdir=/tmp
Select jobs to execute...
[Wed Apr 29 11:06:15 2026]
Finished jobid: 195 (Rule: synth_evaluate)
5 of 595 steps (1%) done
Execute 1 jobs...
[Wed Apr 29 11:06:15 2026]
localrule synth_generate:
    output: results/synth/regime=easy/d=10/num_cycles=3/density=0.3/samp_size=100/seed=0/dataset.npz
    jobid: 264
    reason: Missing output files: results/synth/regime=easy/d=10/num_cycles=3/density=0.3/samp_size=100/seed=0/dataset.npz
    wildcards: regime=easy, d=10, num_cycles=3, density=0.3, samp_size=100, seed=0
    resources: tmpdir=/tmp
[Wed Apr 29 11:06:15 2026]
Finished jobid: 61 (Rule: synth_evaluate)
6 of 595 steps (1%) done
[Wed Apr 29 11:06:15 2026]
Finished jobid: 58 (Rule: synth_evaluate)
7 of 595 steps (1%) done
Select jobs to execute...
Execute 2 jobs...
[Wed Apr 29 11:06:15 2026]
localrule synth_fit:
    input: results/synth/regime=easy/d=10/num_cycles=5/density=0.8/samp_size=500/seed=2/dataset.npz
    output: results/synth/regime=easy/d=10/num_cycles=5/density=0.8/samp_size=500/seed=2/method=lacerda/model.pkl
    jobid: 605
    reason: Missing output files: results/synth/regime=easy/d=10/num_cycles=5/density=0.8/samp_size=500/seed=2/method=lacerda/model.pkl
    wildcards: regime=easy, d=10, num_cycles=5, density=0.8, samp_size=500, seed=2, method=lacerda
    resources: tmpdir=/tmp
[Wed Apr 29 11:06:15 2026]
localrule synth_evaluate:
    input: results/synth/regime=easy/d=10/num_cycles=4/density=0.8/samp_size=500/seed=0/dataset.npz, results/synth/regime=easy/d=10/num_cycles=4/density=0.8/samp_size=500/seed=0/method=lacerda_prune/model.pkl
    output: results/synth/regime=easy/d=10/num_cycles=4/density=0.8/samp_size=500/seed=0/method=lacerda_prune/metrics.csv
    jobid: 651
    reason: Missing output files: results/synth/regime=easy/d=10/num_cycles=4/density=0.8/samp_size=500/seed=0/method=lacerda_prune/metrics.csv
    wildcards: regime=easy, d=10, num_cycles=4, density=0.8, samp_size=500, seed=0, method=lacerda_prune
    resources: tmpdir=/tmp
Select jobs to execute...
[Wed Apr 29 11:06:15 2026]
Finished jobid: 43 (Rule: synth_evaluate)
8 of 595 steps (1%) done
Execute 1 jobs...
[Wed Apr 29 11:06:15 2026]
localrule synth_fit:
    input: results/synth/regime=easy/d=10/num_cycles=5/density=0.5/samp_size=500/seed=1/dataset.npz
    output: results/synth/regime=easy/d=10/num_cycles=5/density=0.5/samp_size=500/seed=1/method=lacerda_repare/model.pkl
    jobid: 244
    reason: Missing output files: results/synth/regime=easy/d=10/num_cycles=5/density=0.5/samp_size=500/seed=1/method=lacerda_repare/model.pkl
    wildcards: regime=easy, d=10, num_cycles=5, density=0.5, samp_size=500, seed=1, method=lacerda_repare
    resources: tmpdir=/tmp
[Wed Apr 29 11:06:15 2026]
Finished jobid: 264 (Rule: synth_generate)
9 of 595 steps (2%) done
Select jobs to execute...
Execute 1 jobs...
[Wed Apr 29 11:06:15 2026]
localrule synth_fit:
    input: results/synth/regime=easy/d=10/num_cycles=3/density=0.8/samp_size=100/seed=2/dataset.npz
    output: results/synth/regime=easy/d=10/num_cycles=3/density=0.8/samp_size=100/seed=2/method=lacerda_repare/model.pkl
    jobid: 698
    reason: Missing output files: results/synth/regime=easy/d=10/num_cycles=3/density=0.8/samp_size=100/seed=2/method=lacerda_repare/model.pkl
    wildcards: regime=easy, d=10, num_cycles=3, density=0.8, samp_size=100, seed=2, method=lacerda_repare
    resources: tmpdir=/tmp
[Wed Apr 29 11:06:15 2026]
Finished jobid: 540 (Rule: synth_evaluate)
10 of 595 steps (2%) done
Select jobs to execute...
Execute 1 jobs...
[Wed Apr 29 11:06:15 2026]
localrule synth_fit:
    input: results/synth/regime=easy/d=10/num_cycles=3/density=0.8/samp_size=1000/seed=2/dataset.npz
    output: results/synth/regime=easy/d=10/num_cycles=3/density=0.8/samp_size=1000/seed=2/method=lacerda_prune/model.pkl
    jobid: 638
    reason: Missing output files: results/synth/regime=easy/d=10/num_cycles=3/density=0.8/samp_size=1000/seed=2/method=lacerda_prune/model.pkl
    wildcards: regime=easy, d=10, num_cycles=3, density=0.8, samp_size=1000, seed=2, method=lacerda_prune
    resources: tmpdir=/tmp
[Wed Apr 29 11:06:15 2026]
Finished jobid: 210 (Rule: synth_fit)
11 of 595 steps (2%) done
Select jobs to execute...
Execute 1 jobs...
[Wed Apr 29 11:06:15 2026]
localrule synth_generate:
    output: results/synth/regime=easy/d=10/num_cycles=4/density=0.3/samp_size=500/seed=0/dataset.npz
    jobid: 309
    reason: Missing output files: results/synth/regime=easy/d=10/num_cycles=4/density=0.3/samp_size=500/seed=0/dataset.npz
    wildcards: regime=easy, d=10, num_cycles=4, density=0.3, samp_size=500, seed=0
    resources: tmpdir=/tmp
[Wed Apr 29 11:06:15 2026]
Finished jobid: 651 (Rule: synth_evaluate)
12 of 595 steps (2%) done
Select jobs to execute...
Execute 1 jobs...
[Wed Apr 29 11:06:15 2026]
localrule synth_fit:
    input: results/synth/regime=easy/d=10/num_cycles=5/density=0.3/samp_size=50/seed=0/dataset.npz
    output: results/synth/regime=easy/d=10/num_cycles=5/density=0.3/samp_size=50/seed=0/method=lacerda_prune/model.pkl
    jobid: 411
    reason: Missing output files: results/synth/regime=easy/d=10/num_cycles=5/density=0.3/samp_size=50/seed=0/method=lacerda_prune/model.pkl
    wildcards: regime=easy, d=10, num_cycles=5, density=0.3, samp_size=50, seed=0, method=lacerda_prune
    resources: tmpdir=/tmp
[Wed Apr 29 11:06:15 2026]
Finished jobid: 605 (Rule: synth_fit)
13 of 595 steps (2%) done
Select jobs to execute...
Execute 1 jobs...
[Wed Apr 29 11:06:15 2026]
localrule synth_fit:
    input: results/synth/regime=easy/d=10/num_cycles=5/density=0.5/samp_size=500/seed=0/dataset.npz
    output: results/synth/regime=easy/d=10/num_cycles=5/density=0.5/samp_size=500/seed=0/method=lacerda_repare/model.pkl
    jobid: 242
    reason: Missing output files: results/synth/regime=easy/d=10/num_cycles=5/density=0.5/samp_size=500/seed=0/method=lacerda_repare/model.pkl; Input files updated by another job: results/synth/regime=easy/d=10/num_cycles=5/density=0.5/samp_size=500/seed=0/dataset.npz
    wildcards: regime=easy, d=10, num_cycles=5, density=0.5, samp_size=500, seed=0, method=lacerda_repare
    resources: tmpdir=/tmp
[Wed Apr 29 11:06:15 2026]
Finished jobid: 146 (Rule: synth_fit)
14 of 595 steps (2%) done
Select jobs to execute...
Execute 1 jobs...
[Wed Apr 29 11:06:15 2026]
localrule synth_generate:
    output: results/synth/regime=easy/d=10/num_cycles=5/density=0.5/samp_size=50/seed=0/dataset.npz
    jobid: 74
    reason: Missing output files: results/synth/regime=easy/d=10/num_cycles=5/density=0.5/samp_size=50/seed=0/dataset.npz
    wildcards: regime=easy, d=10, num_cycles=5, density=0.5, samp_size=50, seed=0
    resources: tmpdir=/tmp
Select jobs to execute...
[Wed Apr 29 11:06:16 2026]
Finished jobid: 720 (Rule: synth_fit)
15 of 595 steps (3%) done
Execute 1 jobs...
[Wed Apr 29 11:06:16 2026]
localrule synth_evaluate:
    input: results/synth/regime=easy/d=10/num_cycles=3/density=0.8/samp_size=1000/seed=1/dataset.npz, results/synth/regime=easy/d=10/num_cycles=3/density=0.8/samp_size=1000/seed=1/method=lacerda/model.pkl
    output: results/synth/regime=easy/d=10/num_cycles=3/density=0.8/samp_size=1000/seed=1/method=lacerda/metrics.csv
    jobid: 537
    reason: Missing output files: results/synth/regime=easy/d=10/num_cycles=3/density=0.8/samp_size=1000/seed=1/method=lacerda/metrics.csv
    wildcards: regime=easy, d=10, num_cycles=3, density=0.8, samp_size=1000, seed=1, method=lacerda
    resources: tmpdir=/tmp
[Wed Apr 29 11:06:16 2026]
Finished jobid: 309 (Rule: synth_generate)
16 of 595 steps (3%) done
Select jobs to execute...
Execute 1 jobs...
[Wed Apr 29 11:06:16 2026]
localrule synth_generate:
    output: results/synth/regime=easy/d=10/num_cycles=5/density=0.3/samp_size=1000/seed=0/dataset.npz
    jobid: 354
    reason: Missing output files: results/synth/regime=easy/d=10/num_cycles=5/density=0.3/samp_size=1000/seed=0/dataset.npz
    wildcards: regime=easy, d=10, num_cycles=5, density=0.3, samp_size=1000, seed=0
    resources: tmpdir=/tmp
[Wed Apr 29 11:06:16 2026]
Finished jobid: 411 (Rule: synth_fit)
17 of 595 steps (3%) done
Select jobs to execute...
Execute 1 jobs...
[Wed Apr 29 11:06:16 2026]
localrule synth_fit:
    input: results/synth/regime=easy/d=10/num_cycles=4/density=0.3/samp_size=500/seed=0/dataset.npz
    output: results/synth/regime=easy/d=10/num_cycles=4/density=0.3/samp_size=500/seed=0/method=lacerda_repare/model.pkl
    jobid: 471
    reason: Missing output files: results/synth/regime=easy/d=10/num_cycles=4/density=0.3/samp_size=500/seed=0/method=lacerda_repare/model.pkl; Input files updated by another job: results/synth/regime=easy/d=10/num_cycles=4/density=0.3/samp_size=500/seed=0/dataset.npz
    wildcards: regime=easy, d=10, num_cycles=4, density=0.3, samp_size=500, seed=0, method=lacerda_repare
    resources: tmpdir=/tmp
[Wed Apr 29 11:06:16 2026]
Finished jobid: 74 (Rule: synth_generate)
18 of 595 steps (3%) done
Select jobs to execute...
Execute 1 jobs...
[Wed Apr 29 11:06:16 2026]
localrule synth_generate:
    output: results/synth/regime=easy/d=10/num_cycles=3/density=0.5/samp_size=1000/seed=0/dataset.npz
    jobid: 29
    reason: Missing output files: results/synth/regime=easy/d=10/num_cycles=3/density=0.5/samp_size=1000/seed=0/dataset.npz
    wildcards: regime=easy, d=10, num_cycles=3, density=0.5, samp_size=1000, seed=0
    resources: tmpdir=/tmp
Select jobs to execute...
[Wed Apr 29 11:06:16 2026]
Finished jobid: 354 (Rule: synth_generate)
19 of 595 steps (3%) done
Execute 1 jobs...
[Wed Apr 29 11:06:16 2026]
localrule synth_fit:
    input: results/synth/regime=easy/d=10/num_cycles=5/density=0.3/samp_size=500/seed=2/dataset.npz
    output: results/synth/regime=easy/d=10/num_cycles=5/density=0.3/samp_size=500/seed=2/method=lacerda/model.pkl
    jobid: 352
    reason: Missing output files: results/synth/regime=easy/d=10/num_cycles=5/density=0.3/samp_size=500/seed=2/method=lacerda/model.pkl
    wildcards: regime=easy, d=10, num_cycles=5, density=0.3, samp_size=500, seed=2, method=lacerda
    resources: tmpdir=/tmp
[Wed Apr 29 11:06:16 2026]
Finished jobid: 698 (Rule: synth_fit)
20 of 595 steps (3%) done
Select jobs to execute...
Execute 1 jobs...
[Wed Apr 29 11:06:16 2026]
localrule synth_fit:
    input: results/synth/regime=easy/d=10/num_cycles=5/density=0.5/samp_size=50/seed=0/dataset.npz
    output: results/synth/regime=easy/d=10/num_cycles=5/density=0.5/samp_size=50/seed=0/method=lacerda/model.pkl
    jobid: 75
    reason: Missing output files: results/synth/regime=easy/d=10/num_cycles=5/density=0.5/samp_size=50/seed=0/method=lacerda/model.pkl; Input files updated by another job: results/synth/regime=easy/d=10/num_cycles=5/density=0.5/samp_size=50/seed=0/dataset.npz
    wildcards: regime=easy, d=10, num_cycles=5, density=0.5, samp_size=50, seed=0, method=lacerda
    resources: tmpdir=/tmp
[Wed Apr 29 11:06:16 2026]
Finished jobid: 537 (Rule: synth_evaluate)
21 of 595 steps (4%) done
Select jobs to execute...
Execute 1 jobs...
[Wed Apr 29 11:06:16 2026]
localrule synth_fit:
    input: results/synth/regime=easy/d=10/num_cycles=3/density=0.8/samp_size=100/seed=1/dataset.npz
    output: results/synth/regime=easy/d=10/num_cycles=3/density=0.8/samp_size=100/seed=1/method=lacerda_repare/model.pkl
    jobid: 696
    reason: Missing output files: results/synth/regime=easy/d=10/num_cycles=3/density=0.8/samp_size=100/seed=1/method=lacerda_repare/model.pkl
    wildcards: regime=easy, d=10, num_cycles=3, density=0.8, samp_size=100, seed=1, method=lacerda_repare
    resources: tmpdir=/tmp
[Wed Apr 29 11:06:17 2026]
Finished jobid: 29 (Rule: synth_generate)
22 of 595 steps (4%) done
Select jobs to execute...
Execute 1 jobs...
[Wed Apr 29 11:06:17 2026]
localrule synth_fit:
    input: results/synth/regime=easy/d=10/num_cycles=3/density=0.5/samp_size=1000/seed=0/dataset.npz
    output: results/synth/regime=easy/d=10/num_cycles=3/density=0.5/samp_size=1000/seed=0/method=lacerda/model.pkl
    jobid: 30
    reason: Missing output files: results/synth/regime=easy/d=10/num_cycles=3/density=0.5/samp_size=1000/seed=0/method=lacerda/model.pkl; Input files updated by another job: results/synth/regime=easy/d=10/num_cycles=3/density=0.5/samp_size=1000/seed=0/dataset.npz
    wildcards: regime=easy, d=10, num_cycles=3, density=0.5, samp_size=1000, seed=0, method=lacerda
    resources: tmpdir=/tmp
Select jobs to execute...
[Wed Apr 29 11:06:17 2026]
Finished jobid: 244 (Rule: synth_fit)
23 of 595 steps (4%) done
Execute 1 jobs...
[Wed Apr 29 11:06:17 2026]
localrule synth_fit:
    input: results/synth/regime=easy/d=10/num_cycles=3/density=0.5/samp_size=50/seed=0/dataset.npz
    output: results/synth/regime=easy/d=10/num_cycles=3/density=0.5/samp_size=50/seed=0/method=lacerda_repare/model.pkl
    jobid: 182
    reason: Missing output files: results/synth/regime=easy/d=10/num_cycles=3/density=0.5/samp_size=50/seed=0/method=lacerda_repare/model.pkl
    wildcards: regime=easy, d=10, num_cycles=3, density=0.5, samp_size=50, seed=0, method=lacerda_repare
    resources: tmpdir=/tmp
Select jobs to execute...
[Wed Apr 29 11:06:17 2026]
Finished jobid: 242 (Rule: synth_fit)
24 of 595 steps (4%) done
Execute 1 jobs...
[Wed Apr 29 11:06:17 2026]
localrule synth_evaluate:
    input: results/synth/regime=easy/d=10/num_cycles=3/density=0.5/samp_size=50/seed=2/dataset.npz, results/synth/regime=easy/d=10/num_cycles=3/density=0.5/samp_size=50/seed=2/method=lacerda_prune/model.pkl
    output: results/synth/regime=easy/d=10/num_cycles=3/density=0.5/samp_size=50/seed=2/method=lacerda_prune/metrics.csv
    jobid: 113
    reason: Missing output files: results/synth/regime=easy/d=10/num_cycles=3/density=0.5/samp_size=50/seed=2/method=lacerda_prune/metrics.csv
    wildcards: regime=easy, d=10, num_cycles=3, density=0.5, samp_size=50, seed=2, method=lacerda_prune
    resources: tmpdir=/tmp
Select jobs to execute...
[Wed Apr 29 11:06:17 2026]
Finished jobid: 352 (Rule: synth_fit)
25 of 595 steps (4%) done
Execute 1 jobs...
[Wed Apr 29 11:06:17 2026]
localrule synth_fit:
    input: results/synth/regime=easy/d=10/num_cycles=3/density=0.8/samp_size=1000/seed=1/dataset.npz
    output: results/synth/regime=easy/d=10/num_cycles=3/density=0.8/samp_size=1000/seed=1/method=lacerda_prune/model.pkl
    jobid: 636
    reason: Missing output files: results/synth/regime=easy/d=10/num_cycles=3/density=0.8/samp_size=1000/seed=1/method=lacerda_prune/model.pkl
    wildcards: regime=easy, d=10, num_cycles=3, density=0.8, samp_size=1000, seed=1, method=lacerda_prune
    resources: tmpdir=/tmp
Select jobs to execute...
[Wed Apr 29 11:06:17 2026]
Finished jobid: 30 (Rule: synth_fit)
26 of 595 steps (4%) done
Execute 1 jobs...
[Wed Apr 29 11:06:17 2026]
localrule synth_evaluate:
    input: results/synth/regime=easy/d=10/num_cycles=3/density=0.8/samp_size=50/seed=0/dataset.npz, results/synth/regime=easy/d=10/num_cycles=3/density=0.8/samp_size=50/seed=0/method=lacerda_repare/model.pkl
    output: results/synth/regime=easy/d=10/num_cycles=3/density=0.8/samp_size=50/seed=0/method=lacerda_repare/metrics.csv
    jobid: 687
    reason: Missing output files: results/synth/regime=easy/d=10/num_cycles=3/density=0.8/samp_size=50/seed=0/method=lacerda_repare/metrics.csv
    wildcards: regime=easy, d=10, num_cycles=3, density=0.8, samp_size=50, seed=0, method=lacerda_repare
    resources: tmpdir=/tmp
Select jobs to execute...
[Wed Apr 29 11:06:17 2026]
Finished jobid: 638 (Rule: synth_fit)
27 of 595 steps (5%) done
Execute 1 jobs...
[Wed Apr 29 11:06:17 2026]
localrule synth_generate:
    output: results/synth/regime=easy/d=10/num_cycles=4/density=0.8/samp_size=50/seed=0/dataset.npz
    jobid: 544
    reason: Missing output files: results/synth/regime=easy/d=10/num_cycles=4/density=0.8/samp_size=50/seed=0/dataset.npz
    wildcards: regime=easy, d=10, num_cycles=4, density=0.8, samp_size=50, seed=0
    resources: tmpdir=/tmp
Select jobs to execute...
[Wed Apr 29 11:06:17 2026]
Finished jobid: 113 (Rule: synth_evaluate)
28 of 595 steps (5%) done
Execute 1 jobs...
[Wed Apr 29 11:06:17 2026]
localrule synth_fit:
    input: results/synth/regime=easy/d=10/num_cycles=4/density=0.3/samp_size=500/seed=0/dataset.npz
    output: results/synth/regime=easy/d=10/num_cycles=4/density=0.3/samp_size=500/seed=0/method=lacerda/model.pkl
    jobid: 310
    reason: Missing output files: results/synth/regime=easy/d=10/num_cycles=4/density=0.3/samp_size=500/seed=0/method=lacerda/model.pkl; Input files updated by another job: results/synth/regime=easy/d=10/num_cycles=4/density=0.3/samp_size=500/seed=0/dataset.npz
    wildcards: regime=easy, d=10, num_cycles=4, density=0.3, samp_size=500, seed=0, method=lacerda
    resources: tmpdir=/tmp
Select jobs to execute...
[Wed Apr 29 11:06:17 2026]
Finished jobid: 182 (Rule: synth_fit)
29 of 595 steps (5%) done
Execute 1 jobs...
[Wed Apr 29 11:06:17 2026]
localrule synth_fit:
    input: results/synth/regime=easy/d=10/num_cycles=3/density=0.8/samp_size=500/seed=0/dataset.npz
    output: results/synth/regime=easy/d=10/num_cycles=3/density=0.8/samp_size=500/seed=0/method=lacerda_repare/model.pkl
    jobid: 700
    reason: Missing output files: results/synth/regime=easy/d=10/num_cycles=3/density=0.8/samp_size=500/seed=0/method=lacerda_repare/model.pkl
    wildcards: regime=easy, d=10, num_cycles=3, density=0.8, samp_size=500, seed=0, method=lacerda_repare
    resources: tmpdir=/tmp
Select jobs to execute...
[Wed Apr 29 11:06:18 2026]
Finished jobid: 75 (Rule: synth_fit)
30 of 595 steps (5%) done
Execute 1 jobs...
[Wed Apr 29 11:06:18 2026]
localrule synth_fit:
    input: results/synth/regime=easy/d=10/num_cycles=4/density=0.3/samp_size=1000/seed=1/dataset.npz
    output: results/synth/regime=easy/d=10/num_cycles=4/density=0.3/samp_size=1000/seed=1/method=lacerda_prune/model.pkl
    jobid: 407
    reason: Missing output files: results/synth/regime=easy/d=10/num_cycles=4/density=0.3/samp_size=1000/seed=1/method=lacerda_prune/model.pkl
    wildcards: regime=easy, d=10, num_cycles=4, density=0.3, samp_size=1000, seed=1, method=lacerda_prune
    resources: tmpdir=/tmp
Select jobs to execute...
[Wed Apr 29 11:06:18 2026]
Finished jobid: 696 (Rule: synth_fit)
31 of 595 steps (5%) done
Execute 1 jobs...
[Wed Apr 29 11:06:18 2026]
localrule synth_generate:
    output: results/synth/regime=easy/d=10/num_cycles=3/density=0.5/samp_size=1000/seed=1/dataset.npz
    jobid: 32
    reason: Missing output files: results/synth/regime=easy/d=10/num_cycles=3/density=0.5/samp_size=1000/seed=1/dataset.npz
    wildcards: regime=easy, d=10, num_cycles=3, density=0.5, samp_size=1000, seed=1
    resources: tmpdir=/tmp
[Wed Apr 29 11:06:18 2026]
Finished jobid: 471 (Rule: synth_fit)
32 of 595 steps (5%) done
Select jobs to execute...
Execute 1 jobs...
[Wed Apr 29 11:06:18 2026]
localrule synth_fit:
    input: results/synth/regime=easy/d=10/num_cycles=3/density=0.3/samp_size=100/seed=0/dataset.npz
    output: results/synth/regime=easy/d=10/num_cycles=3/density=0.3/samp_size=100/seed=0/method=lacerda/model.pkl
    jobid: 265
    reason: Missing output files: results/synth/regime=easy/d=10/num_cycles=3/density=0.3/samp_size=100/seed=0/method=lacerda/model.pkl; Input files updated by another job: results/synth/regime=easy/d=10/num_cycles=3/density=0.3/samp_size=100/seed=0/dataset.npz
    wildcards: regime=easy, d=10, num_cycles=3, density=0.3, samp_size=100, seed=0, method=lacerda
    resources: tmpdir=/tmp
Select jobs to execute...
[Wed Apr 29 11:06:18 2026]
Finished jobid: 687 (Rule: synth_evaluate)
33 of 595 steps (6%) done
Execute 1 jobs...
[Wed Apr 29 11:06:18 2026]
localrule synth_evaluate:
    input: results/synth/regime=easy/d=10/num_cycles=3/density=0.8/samp_size=1000/seed=0/dataset.npz, results/synth/regime=easy/d=10/num_cycles=3/density=0.8/samp_size=1000/seed=0/method=lacerda/model.pkl
    output: results/synth/regime=easy/d=10/num_cycles=3/density=0.8/samp_size=1000/seed=0/method=lacerda/metrics.csv
    jobid: 534
    reason: Missing output files: results/synth/regime=easy/d=10/num_cycles=3/density=0.8/samp_size=1000/seed=0/method=lacerda/metrics.csv
    wildcards: regime=easy, d=10, num_cycles=3, density=0.8, samp_size=1000, seed=0, method=lacerda
    resources: tmpdir=/tmp
Select jobs to execute...
[Wed Apr 29 11:06:18 2026]
Finished jobid: 544 (Rule: synth_generate)
34 of 595 steps (6%) done
Execute 1 jobs...
[Wed Apr 29 11:06:18 2026]
localrule synth_fit:
    input: results/synth/regime=easy/d=10/num_cycles=4/density=0.8/samp_size=50/seed=0/dataset.npz
    output: results/synth/regime=easy/d=10/num_cycles=4/density=0.8/samp_size=50/seed=0/method=lacerda_prune/model.pkl
    jobid: 640
    reason: Missing output files: results/synth/regime=easy/d=10/num_cycles=4/density=0.8/samp_size=50/seed=0/method=lacerda_prune/model.pkl; Input files updated by another job: results/synth/regime=easy/d=10/num_cycles=4/density=0.8/samp_size=50/seed=0/dataset.npz
    wildcards: regime=easy, d=10, num_cycles=4, density=0.8, samp_size=50, seed=0, method=lacerda_prune
    resources: tmpdir=/tmp
Select jobs to execute...
[Wed Apr 29 11:06:18 2026]
Finished jobid: 310 (Rule: synth_fit)
35 of 595 steps (6%) done
Execute 1 jobs...
[Wed Apr 29 11:06:18 2026]
localrule synth_fit:
    input: results/synth/regime=easy/d=10/num_cycles=3/density=0.5/samp_size=500/seed=2/dataset.npz
    output: results/synth/regime=easy/d=10/num_cycles=3/density=0.5/samp_size=500/seed=2/method=lacerda/model.pkl
    jobid: 27
    reason: Missing output files: results/synth/regime=easy/d=10/num_cycles=3/density=0.5/samp_size=500/seed=2/method=lacerda/model.pkl
    wildcards: regime=easy, d=10, num_cycles=3, density=0.5, samp_size=500, seed=2, method=lacerda
    resources: tmpdir=/tmp
[Wed Apr 29 11:06:18 2026]
Finished jobid: 700 (Rule: synth_fit)
36 of 595 steps (6%) done
Select jobs to execute...
Execute 1 jobs...
[Wed Apr 29 11:06:18 2026]
localrule synth_fit:
    input: results/synth/regime=easy/d=10/num_cycles=5/density=0.5/samp_size=100/seed=2/dataset.npz
    output: results/synth/regime=easy/d=10/num_cycles=5/density=0.5/samp_size=100/seed=2/method=lacerda_repare/model.pkl
    jobid: 240
    reason: Missing output files: results/synth/regime=easy/d=10/num_cycles=5/density=0.5/samp_size=100/seed=2/method=lacerda_repare/model.pkl
    wildcards: regime=easy, d=10, num_cycles=5, density=0.5, samp_size=100, seed=2, method=lacerda_repare
    resources: tmpdir=/tmp
Select jobs to execute...
[Wed Apr 29 11:06:18 2026]
Finished jobid: 32 (Rule: synth_generate)
37 of 595 steps (6%) done
Execute 1 jobs...
[Wed Apr 29 11:06:18 2026]
localrule synth_generate:
    output: results/synth/regime=easy/d=10/num_cycles=3/density=0.3/samp_size=50/seed=2/dataset.npz
    jobid: 261
    reason: Missing output files: results/synth/regime=easy/d=10/num_cycles=3/density=0.3/samp_size=50/seed=2/dataset.npz
    wildcards: regime=easy, d=10, num_cycles=3, density=0.3, samp_size=50, seed=2
    resources: tmpdir=/tmp
Select jobs to execute...
[Wed Apr 29 11:06:19 2026]
Finished jobid: 265 (Rule: synth_fit)
38 of 595 steps (6%) done
Execute 1 jobs...
[Wed Apr 29 11:06:19 2026]
localrule synth_fit:
    input: results/synth/regime=easy/d=10/num_cycles=5/density=0.5/samp_size=1000/seed=2/dataset.npz
    output: results/synth/regime=easy/d=10/num_cycles=5/density=0.5/samp_size=1000/seed=2/method=lacerda_prune/model.pkl
    jobid: 180
    reason: Missing output files: results/synth/regime=easy/d=10/num_cycles=5/density=0.5/samp_size=1000/seed=2/method=lacerda_prune/model.pkl
    wildcards: regime=easy, d=10, num_cycles=5, density=0.5, samp_size=1000, seed=2, method=lacerda_prune
    resources: tmpdir=/tmp
Select jobs to execute...
[Wed Apr 29 11:06:19 2026]
Finished jobid: 534 (Rule: synth_evaluate)
39 of 595 steps (7%) done
Execute 1 jobs...
[Wed Apr 29 11:06:19 2026]
localrule synth_fit:
    input: results/synth/regime=easy/d=10/num_cycles=5/density=0.3/samp_size=1000/seed=0/dataset.npz
    output: results/synth/regime=easy/d=10/num_cycles=5/density=0.3/samp_size=1000/seed=0/method=lacerda/model.pkl
    jobid: 355
    reason: Missing output files: results/synth/regime=easy/d=10/num_cycles=5/density=0.3/samp_size=1000/seed=0/method=lacerda/model.pkl; Input files updated by another job: results/synth/regime=easy/d=10/num_cycles=5/density=0.3/samp_size=1000/seed=0/dataset.npz
    wildcards: regime=easy, d=10, num_cycles=5, density=0.3, samp_size=1000, seed=0, method=lacerda
    resources: tmpdir=/tmp
Select jobs to execute...
[Wed Apr 29 11:06:19 2026]
Finished jobid: 640 (Rule: synth_fit)
40 of 595 steps (7%) done
Execute 1 jobs...
[Wed Apr 29 11:06:19 2026]
localrule synth_generate:
    output: results/synth/regime=easy/d=10/num_cycles=4/density=0.3/samp_size=100/seed=2/dataset.npz
    jobid: 306
    reason: Missing output files: results/synth/regime=easy/d=10/num_cycles=4/density=0.3/samp_size=100/seed=2/dataset.npz
    wildcards: regime=easy, d=10, num_cycles=4, density=0.3, samp_size=100, seed=2
    resources: tmpdir=/tmp
Select jobs to execute...
Terminating processes on user request, this might take some time.
RuleException:
CalledProcessError in file "/home/fmfsa/Repositories/repare_cycle/src/expt/workflow/rules/synth.smk", line 47:
Command 'set -euo pipefail;  /opt/miniconda3/bin/python /home/fmfsa/Repositories/repare_cycle/src/expt/workflow/.snakemake/scripts/tmpztru4uy1.generate_synth.py' died with <Signals.SIGINT: 2>.
RuleException:
CalledProcessError in file "/home/fmfsa/Repositories/repare_cycle/src/expt/workflow/rules/synth.smk", line 67:
Command 'set -euo pipefail;  /opt/miniconda3/bin/python /home/fmfsa/Repositories/repare_cycle/src/expt/workflow/.snakemake/scripts/tmpzfi0veif.fit.py' died with <Signals.SIGINT: 2>.
[Wed Apr 29 11:06:19 2026]
Error in rule synth_generate:
    message: None
    jobid: 261
    output: results/synth/regime=easy/d=10/num_cycles=3/density=0.3/samp_size=50/seed=2/dataset.npz
[Wed Apr 29 11:06:19 2026]
Error in rule synth_fit:
    message: None
    jobid: 27
    input: results/synth/regime=easy/d=10/num_cycles=3/density=0.5/samp_size=500/seed=2/dataset.npz
    output: results/synth/regime=easy/d=10/num_cycles=3/density=0.5/samp_size=500/seed=2/method=lacerda/model.pkl
RuleException:
CalledProcessError in file "/home/fmfsa/Repositories/repare_cycle/src/expt/workflow/rules/synth.smk", line 47:
Command 'set -euo pipefail;  /opt/miniconda3/bin/python /home/fmfsa/Repositories/repare_cycle/src/expt/workflow/.snakemake/scripts/tmp2bm0esps.generate_synth.py' died with <Signals.SIGINT: 2>.
[Wed Apr 29 11:06:19 2026]
Error in rule synth_generate:
    message: None
    jobid: 306
    output: results/synth/regime=easy/d=10/num_cycles=4/density=0.3/samp_size=100/seed=2/dataset.npz
