Assuming unrestricted shared filesystem usage.
host: AICheetah
Building DAG of jobs...
Using shell: /usr/bin/bash
Provided cores: 4
Rules claiming more threads will be scaled down.
Job stats:
job               count
--------------  -------
synth_fit             5
synth_generate        1
synth_evaluate        5
total                11

Select jobs to execute...
Execute 3 jobs...
[Mon Apr 27 23:51:14 2026]
localrule synth_fit:
    input: results/synth/regime=hard/d=10/num_cycles=3/density=0.5/samp_size=1000/seed=0/dataset.npz
    output: results/synth/regime=hard/d=10/num_cycles=3/density=0.5/samp_size=1000/seed=0/method=lacerda/model.pkl
    jobid: 5
    reason: Missing output files: results/synth/regime=hard/d=10/num_cycles=3/density=0.5/samp_size=1000/seed=0/method=lacerda/model.pkl
    wildcards: regime=hard, d=10, num_cycles=3, density=0.5, samp_size=1000, seed=0, method=lacerda
    resources: tmpdir=/tmp
[Mon Apr 27 23:51:14 2026]
localrule synth_fit:
    input: results/synth/regime=hard/d=10/num_cycles=3/density=0.5/samp_size=1000/seed=0/dataset.npz
    output: results/synth/regime=hard/d=10/num_cycles=3/density=0.5/samp_size=1000/seed=0/method=oica_no_repare/model.pkl
    jobid: 7
    reason: Missing output files: results/synth/regime=hard/d=10/num_cycles=3/density=0.5/samp_size=1000/seed=0/method=oica_no_repare/model.pkl
    wildcards: regime=hard, d=10, num_cycles=3, density=0.5, samp_size=1000, seed=0, method=oica_no_repare
    resources: tmpdir=/tmp
[Mon Apr 27 23:51:14 2026]
localrule synth_generate:
    output: results/synth/regime=hard/d=10/num_cycles=3/density=0.5/samp_size=10000/seed=0/dataset.npz
    jobid: 1
    reason: Missing output files: results/synth/regime=hard/d=10/num_cycles=3/density=0.5/samp_size=10000/seed=0/dataset.npz
    wildcards: regime=hard, d=10, num_cycles=3, density=0.5, samp_size=10000, seed=0
    resources: tmpdir=/tmp
[Mon Apr 27 23:51:15 2026]
Finished jobid: 1 (Rule: synth_generate)
1 of 11 steps (9%) done
Select jobs to execute...
Execute 2 jobs...
[Mon Apr 27 23:51:15 2026]
localrule synth_fit:
    input: results/synth/regime=hard/d=10/num_cycles=3/density=0.5/samp_size=10000/seed=0/dataset.npz
    output: results/synth/regime=hard/d=10/num_cycles=3/density=0.5/samp_size=10000/seed=0/method=oica_scc_repare/model.pkl
    jobid: 2
    reason: Missing output files: results/synth/regime=hard/d=10/num_cycles=3/density=0.5/samp_size=10000/seed=0/method=oica_scc_repare/model.pkl; Input files updated by another job: results/synth/regime=hard/d=10/num_cycles=3/density=0.5/samp_size=10000/seed=0/dataset.npz
    wildcards: regime=hard, d=10, num_cycles=3, density=0.5, samp_size=10000, seed=0, method=oica_scc_repare
    resources: tmpdir=/tmp
[Mon Apr 27 23:51:15 2026]
localrule synth_fit:
    input: results/synth/regime=hard/d=10/num_cycles=3/density=0.5/samp_size=10000/seed=0/dataset.npz
    output: results/synth/regime=hard/d=10/num_cycles=3/density=0.5/samp_size=10000/seed=0/method=lacerda/model.pkl
    jobid: 9
    reason: Missing output files: results/synth/regime=hard/d=10/num_cycles=3/density=0.5/samp_size=10000/seed=0/method=lacerda/model.pkl; Input files updated by another job: results/synth/regime=hard/d=10/num_cycles=3/density=0.5/samp_size=10000/seed=0/dataset.npz
    wildcards: regime=hard, d=10, num_cycles=3, density=0.5, samp_size=10000, seed=0, method=lacerda
    resources: tmpdir=/tmp
[Mon Apr 27 23:51:15 2026]
Finished jobid: 7 (Rule: synth_fit)
2 of 11 steps (18%) done
Select jobs to execute...
Execute 1 jobs...
[Mon Apr 27 23:51:15 2026]
localrule synth_evaluate:
    input: results/synth/regime=hard/d=10/num_cycles=3/density=0.5/samp_size=1000/seed=0/dataset.npz, results/synth/regime=hard/d=10/num_cycles=3/density=0.5/samp_size=1000/seed=0/method=oica_no_repare/model.pkl
    output: results/synth/regime=hard/d=10/num_cycles=3/density=0.5/samp_size=1000/seed=0/method=oica_no_repare/metrics.csv
    jobid: 6
    reason: Missing output files: results/synth/regime=hard/d=10/num_cycles=3/density=0.5/samp_size=1000/seed=0/method=oica_no_repare/metrics.csv; Input files updated by another job: results/synth/regime=hard/d=10/num_cycles=3/density=0.5/samp_size=1000/seed=0/method=oica_no_repare/model.pkl
    wildcards: regime=hard, d=10, num_cycles=3, density=0.5, samp_size=1000, seed=0, method=oica_no_repare
    resources: tmpdir=/tmp
[Mon Apr 27 23:51:15 2026]
Finished jobid: 5 (Rule: synth_fit)
3 of 11 steps (27%) done
Select jobs to execute...
Execute 1 jobs...
[Mon Apr 27 23:51:15 2026]
localrule synth_fit:
    input: results/synth/regime=hard/d=10/num_cycles=3/density=0.5/samp_size=10000/seed=0/dataset.npz
    output: results/synth/regime=hard/d=10/num_cycles=3/density=0.5/samp_size=10000/seed=0/method=oica_no_repare/model.pkl
    jobid: 11
    reason: Missing output files: results/synth/regime=hard/d=10/num_cycles=3/density=0.5/samp_size=10000/seed=0/method=oica_no_repare/model.pkl; Input files updated by another job: results/synth/regime=hard/d=10/num_cycles=3/density=0.5/samp_size=10000/seed=0/dataset.npz
    wildcards: regime=hard, d=10, num_cycles=3, density=0.5, samp_size=10000, seed=0, method=oica_no_repare
    resources: tmpdir=/tmp
[Mon Apr 27 23:51:15 2026]
Finished jobid: 2 (Rule: synth_fit)
4 of 11 steps (36%) done
Select jobs to execute...
Execute 1 jobs...
[Mon Apr 27 23:51:15 2026]
localrule synth_evaluate:
    input: results/synth/regime=hard/d=10/num_cycles=3/density=0.5/samp_size=10000/seed=0/dataset.npz, results/synth/regime=hard/d=10/num_cycles=3/density=0.5/samp_size=10000/seed=0/method=oica_scc_repare/model.pkl
    output: results/synth/regime=hard/d=10/num_cycles=3/density=0.5/samp_size=10000/seed=0/method=oica_scc_repare/metrics.csv
    jobid: 0
    reason: Missing output files: results/synth/regime=hard/d=10/num_cycles=3/density=0.5/samp_size=10000/seed=0/method=oica_scc_repare/metrics.csv; Input files updated by another job: results/synth/regime=hard/d=10/num_cycles=3/density=0.5/samp_size=10000/seed=0/method=oica_scc_repare/model.pkl, results/synth/regime=hard/d=10/num_cycles=3/density=0.5/samp_size=10000/seed=0/dataset.npz
    wildcards: regime=hard, d=10, num_cycles=3, density=0.5, samp_size=10000, seed=0, method=oica_scc_repare
    resources: tmpdir=/tmp
[Mon Apr 27 23:51:15 2026]
Finished jobid: 9 (Rule: synth_fit)
5 of 11 steps (45%) done
Select jobs to execute...
Execute 1 jobs...
[Mon Apr 27 23:51:15 2026]
localrule synth_evaluate:
    input: results/synth/regime=hard/d=10/num_cycles=3/density=0.5/samp_size=10000/seed=0/dataset.npz, results/synth/regime=hard/d=10/num_cycles=3/density=0.5/samp_size=10000/seed=0/method=lacerda/model.pkl
    output: results/synth/regime=hard/d=10/num_cycles=3/density=0.5/samp_size=10000/seed=0/method=lacerda/metrics.csv
    jobid: 8
    reason: Missing output files: results/synth/regime=hard/d=10/num_cycles=3/density=0.5/samp_size=10000/seed=0/method=lacerda/metrics.csv; Input files updated by another job: results/synth/regime=hard/d=10/num_cycles=3/density=0.5/samp_size=10000/seed=0/method=lacerda/model.pkl, results/synth/regime=hard/d=10/num_cycles=3/density=0.5/samp_size=10000/seed=0/dataset.npz
    wildcards: regime=hard, d=10, num_cycles=3, density=0.5, samp_size=10000, seed=0, method=lacerda
    resources: tmpdir=/tmp
[Mon Apr 27 23:51:15 2026]
Finished jobid: 6 (Rule: synth_evaluate)
6 of 11 steps (55%) done
Select jobs to execute...
Execute 1 jobs...
[Mon Apr 27 23:51:15 2026]
localrule synth_evaluate:
    input: results/synth/regime=hard/d=10/num_cycles=3/density=0.5/samp_size=1000/seed=0/dataset.npz, results/synth/regime=hard/d=10/num_cycles=3/density=0.5/samp_size=1000/seed=0/method=lacerda/model.pkl
    output: results/synth/regime=hard/d=10/num_cycles=3/density=0.5/samp_size=1000/seed=0/method=lacerda/metrics.csv
    jobid: 3
    reason: Missing output files: results/synth/regime=hard/d=10/num_cycles=3/density=0.5/samp_size=1000/seed=0/method=lacerda/metrics.csv; Input files updated by another job: results/synth/regime=hard/d=10/num_cycles=3/density=0.5/samp_size=1000/seed=0/method=lacerda/model.pkl
    wildcards: regime=hard, d=10, num_cycles=3, density=0.5, samp_size=1000, seed=0, method=lacerda
    resources: tmpdir=/tmp
[Mon Apr 27 23:51:15 2026]
Finished jobid: 11 (Rule: synth_fit)
7 of 11 steps (64%) done
Select jobs to execute...
Execute 1 jobs...
[Mon Apr 27 23:51:15 2026]
localrule synth_evaluate:
    input: results/synth/regime=hard/d=10/num_cycles=3/density=0.5/samp_size=10000/seed=0/dataset.npz, results/synth/regime=hard/d=10/num_cycles=3/density=0.5/samp_size=10000/seed=0/method=oica_no_repare/model.pkl
    output: results/synth/regime=hard/d=10/num_cycles=3/density=0.5/samp_size=10000/seed=0/method=oica_no_repare/metrics.csv
    jobid: 10
    reason: Missing output files: results/synth/regime=hard/d=10/num_cycles=3/density=0.5/samp_size=10000/seed=0/method=oica_no_repare/metrics.csv; Input files updated by another job: results/synth/regime=hard/d=10/num_cycles=3/density=0.5/samp_size=10000/seed=0/method=oica_no_repare/model.pkl, results/synth/regime=hard/d=10/num_cycles=3/density=0.5/samp_size=10000/seed=0/dataset.npz
    wildcards: regime=hard, d=10, num_cycles=3, density=0.5, samp_size=10000, seed=0, method=oica_no_repare
    resources: tmpdir=/tmp
[Mon Apr 27 23:51:16 2026]
Finished jobid: 8 (Rule: synth_evaluate)
8 of 11 steps (73%) done
[Mon Apr 27 23:51:16 2026]
Finished jobid: 0 (Rule: synth_evaluate)
9 of 11 steps (82%) done
[Mon Apr 27 23:51:16 2026]
Finished jobid: 3 (Rule: synth_evaluate)
10 of 11 steps (91%) done
[Mon Apr 27 23:51:16 2026]
Finished jobid: 10 (Rule: synth_evaluate)
11 of 11 steps (100%) done
Complete log(s): /home/fmfsa/Repositories/repare_cycle/src/expt/workflow/.snakemake/log/2026-04-27T235114.589252.snakemake.log
